Archive member included because of file (symbol)

d:/courses/embedded systems _ data/programs/eclipse-avrgcc/bin/../lib/gcc/avr/4.3.3/avr5\libgcc.a(_exit.o)
                              d:/courses/embedded systems _ data/programs/eclipse-avrgcc/bin/../lib/gcc/avr/4.3.3/../../../../avr/lib/avr5/crtm32.o (exit)
d:/courses/embedded systems _ data/programs/eclipse-avrgcc/bin/../lib/gcc/avr/4.3.3/avr5\libgcc.a(_copy_data.o)
                              ./HMI_func.o (__do_copy_data)
d:/courses/embedded systems _ data/programs/eclipse-avrgcc/bin/../lib/gcc/avr/4.3.3/avr5\libgcc.a(_clear_bss.o)
                              ./HMI_func.o (__do_clear_bss)
d:/courses/embedded systems _ data/programs/eclipse-avrgcc/bin/../lib/gcc/avr/4.3.3/avr5\libgcc.a(_fixunssfsi.o)
                              ./HMI_func.o (__fixunssfsi)
d:/courses/embedded systems _ data/programs/eclipse-avrgcc/bin/../lib/gcc/avr/4.3.3/avr5\libgcc.a(_addsub_sf.o)
                              d:/courses/embedded systems _ data/programs/eclipse-avrgcc/bin/../lib/gcc/avr/4.3.3/avr5\libgcc.a(_fixunssfsi.o) (__subsf3)
d:/courses/embedded systems _ data/programs/eclipse-avrgcc/bin/../lib/gcc/avr/4.3.3/avr5\libgcc.a(_mul_sf.o)
                              ./HMI_func.o (__mulsf3)
d:/courses/embedded systems _ data/programs/eclipse-avrgcc/bin/../lib/gcc/avr/4.3.3/avr5\libgcc.a(_div_sf.o)
                              ./lcd.o (__divsf3)
d:/courses/embedded systems _ data/programs/eclipse-avrgcc/bin/../lib/gcc/avr/4.3.3/avr5\libgcc.a(_gt_sf.o)
                              ./HMI_func.o (__gtsf2)
d:/courses/embedded systems _ data/programs/eclipse-avrgcc/bin/../lib/gcc/avr/4.3.3/avr5\libgcc.a(_ge_sf.o)
                              d:/courses/embedded systems _ data/programs/eclipse-avrgcc/bin/../lib/gcc/avr/4.3.3/avr5\libgcc.a(_fixunssfsi.o) (__gesf2)
d:/courses/embedded systems _ data/programs/eclipse-avrgcc/bin/../lib/gcc/avr/4.3.3/avr5\libgcc.a(_lt_sf.o)
                              ./HMI_func.o (__ltsf2)
d:/courses/embedded systems _ data/programs/eclipse-avrgcc/bin/../lib/gcc/avr/4.3.3/avr5\libgcc.a(_sf_to_si.o)
                              d:/courses/embedded systems _ data/programs/eclipse-avrgcc/bin/../lib/gcc/avr/4.3.3/avr5\libgcc.a(_fixunssfsi.o) (__fixsfsi)
d:/courses/embedded systems _ data/programs/eclipse-avrgcc/bin/../lib/gcc/avr/4.3.3/avr5\libgcc.a(_thenan_sf.o)
                              d:/courses/embedded systems _ data/programs/eclipse-avrgcc/bin/../lib/gcc/avr/4.3.3/avr5\libgcc.a(_addsub_sf.o) (__thenan_sf)
d:/courses/embedded systems _ data/programs/eclipse-avrgcc/bin/../lib/gcc/avr/4.3.3/avr5\libgcc.a(_prologue.o)
                              d:/courses/embedded systems _ data/programs/eclipse-avrgcc/bin/../lib/gcc/avr/4.3.3/avr5\libgcc.a(_addsub_sf.o) (__prologue_saves__)
d:/courses/embedded systems _ data/programs/eclipse-avrgcc/bin/../lib/gcc/avr/4.3.3/avr5\libgcc.a(_epilogue.o)
                              d:/courses/embedded systems _ data/programs/eclipse-avrgcc/bin/../lib/gcc/avr/4.3.3/avr5\libgcc.a(_addsub_sf.o) (__epilogue_restores__)
d:/courses/embedded systems _ data/programs/eclipse-avrgcc/bin/../lib/gcc/avr/4.3.3/avr5\libgcc.a(_pack_sf.o)
                              d:/courses/embedded systems _ data/programs/eclipse-avrgcc/bin/../lib/gcc/avr/4.3.3/avr5\libgcc.a(_addsub_sf.o) (__pack_f)
d:/courses/embedded systems _ data/programs/eclipse-avrgcc/bin/../lib/gcc/avr/4.3.3/avr5\libgcc.a(_unpack_sf.o)
                              d:/courses/embedded systems _ data/programs/eclipse-avrgcc/bin/../lib/gcc/avr/4.3.3/avr5\libgcc.a(_addsub_sf.o) (__unpack_f)
d:/courses/embedded systems _ data/programs/eclipse-avrgcc/bin/../lib/gcc/avr/4.3.3/avr5\libgcc.a(_fpcmp_parts_sf.o)
                              d:/courses/embedded systems _ data/programs/eclipse-avrgcc/bin/../lib/gcc/avr/4.3.3/avr5\libgcc.a(_gt_sf.o) (__fpcmp_parts_f)
d:/courses/embedded systems _ data/programs/eclipse-avrgcc/bin/../lib/gcc/avr/4.3.3/../../../../avr/lib/avr5\libc.a(itoa.o)
                              ./lcd.o (itoa)
d:/courses/embedded systems _ data/programs/eclipse-avrgcc/bin/../lib/gcc/avr/4.3.3/../../../../avr/lib/avr5\libc.a(strrev.o)
                              d:/courses/embedded systems _ data/programs/eclipse-avrgcc/bin/../lib/gcc/avr/4.3.3/../../../../avr/lib/avr5\libc.a(itoa.o) (strrev)
d:/courses/embedded systems _ data/programs/eclipse-avrgcc/bin/../lib/gcc/avr/4.3.3/avr5\libgcc.a(_udivmodhi4.o)
                              d:/courses/embedded systems _ data/programs/eclipse-avrgcc/bin/../lib/gcc/avr/4.3.3/../../../../avr/lib/avr5\libc.a(itoa.o) (__udivmodhi4)

Memory Configuration

Name             Origin             Length             Attributes
text             0x00000000         0x00020000         xr
data             0x00800060         0x0000ffa0         rw !x
eeprom           0x00810000         0x00010000         rw !x
fuse             0x00820000         0x00000400         rw !x
lock             0x00830000         0x00000400         rw !x
signature        0x00840000         0x00000400         rw !x
*default*        0x00000000         0xffffffff

Linker script and memory map

LOAD d:/courses/embedded systems _ data/programs/eclipse-avrgcc/bin/../lib/gcc/avr/4.3.3/../../../../avr/lib/avr5/crtm32.o
LOAD ./HMI_func.o
LOAD ./gpio.o
LOAD ./keypad.o
LOAD ./lcd.o
LOAD ./main_HMI.o
LOAD ./timer1.o
LOAD ./uart.o
LOAD d:/courses/embedded systems _ data/programs/eclipse-avrgcc/bin/../lib/gcc/avr/4.3.3/avr5\libgcc.a
LOAD d:/courses/embedded systems _ data/programs/eclipse-avrgcc/bin/../lib/gcc/avr/4.3.3/../../../../avr/lib/avr5\libc.a
LOAD d:/courses/embedded systems _ data/programs/eclipse-avrgcc/bin/../lib/gcc/avr/4.3.3/avr5\libgcc.a

.hash
 *(.hash)

.dynsym
 *(.dynsym)

.dynstr
 *(.dynstr)

.gnu.version
 *(.gnu.version)

.gnu.version_d
 *(.gnu.version_d)

.gnu.version_r
 *(.gnu.version_r)

.rel.init
 *(.rel.init)

.rela.init
 *(.rela.init)

.rel.text
 *(.rel.text)
 *(.rel.text.*)
 *(.rel.gnu.linkonce.t*)

.rela.text
 *(.rela.text)
 *(.rela.text.*)
 *(.rela.gnu.linkonce.t*)

.rel.fini
 *(.rel.fini)

.rela.fini
 *(.rela.fini)

.rel.rodata
 *(.rel.rodata)
 *(.rel.rodata.*)
 *(.rel.gnu.linkonce.r*)

.rela.rodata
 *(.rela.rodata)
 *(.rela.rodata.*)
 *(.rela.gnu.linkonce.r*)

.rel.data
 *(.rel.data)
 *(.rel.data.*)
 *(.rel.gnu.linkonce.d*)

.rela.data
 *(.rela.data)
 *(.rela.data.*)
 *(.rela.gnu.linkonce.d*)

.rel.ctors
 *(.rel.ctors)

.rela.ctors
 *(.rela.ctors)

.rel.dtors
 *(.rel.dtors)

.rela.dtors
 *(.rela.dtors)

.rel.got
 *(.rel.got)

.rela.got
 *(.rela.got)

.rel.bss
 *(.rel.bss)

.rela.bss
 *(.rela.bss)

.rel.plt
 *(.rel.plt)

.rela.plt
 *(.rela.plt)

.text           0x00000000     0x4454
 *(.vectors)
 .vectors       0x00000000       0x54 d:/courses/embedded systems _ data/programs/eclipse-avrgcc/bin/../lib/gcc/avr/4.3.3/../../../../avr/lib/avr5/crtm32.o
                0x00000000                __vectors
                0x00000000                __vector_default
 *(.vectors)
 *(.progmem.gcc*)
 *(.progmem*)
                0x00000054                . = ALIGN (0x2)
                0x00000054                __trampolines_start = .
 *(.trampolines)
 .trampolines   0x00000054        0x0 linker stubs
 *(.trampolines*)
                0x00000054                __trampolines_end = .
 *(.jumptables)
 *(.jumptables*)
 *(.lowtext)
 *(.lowtext*)
                0x00000054                __ctors_start = .
 *(.ctors)
                0x00000054                __ctors_end = .
                0x00000054                __dtors_start = .
 *(.dtors)
                0x00000054                __dtors_end = .
 SORT(*)(.ctors)
 SORT(*)(.dtors)
 *(.init0)
 .init0         0x00000054        0x0 d:/courses/embedded systems _ data/programs/eclipse-avrgcc/bin/../lib/gcc/avr/4.3.3/../../../../avr/lib/avr5/crtm32.o
                0x00000054                __init
 *(.init0)
 *(.init1)
 *(.init1)
 *(.init2)
 .init2         0x00000054        0xc d:/courses/embedded systems _ data/programs/eclipse-avrgcc/bin/../lib/gcc/avr/4.3.3/../../../../avr/lib/avr5/crtm32.o
 *(.init2)
 *(.init3)
 *(.init3)
 *(.init4)
 .init4         0x00000060       0x16 d:/courses/embedded systems _ data/programs/eclipse-avrgcc/bin/../lib/gcc/avr/4.3.3/avr5\libgcc.a(_copy_data.o)
                0x00000060                __do_copy_data
 .init4         0x00000076       0x10 d:/courses/embedded systems _ data/programs/eclipse-avrgcc/bin/../lib/gcc/avr/4.3.3/avr5\libgcc.a(_clear_bss.o)
                0x00000076                __do_clear_bss
 *(.init4)
 *(.init5)
 *(.init5)
 *(.init6)
 *(.init6)
 *(.init7)
 *(.init7)
 *(.init8)
 *(.init8)
 *(.init9)
 .init9         0x00000086        0x8 d:/courses/embedded systems _ data/programs/eclipse-avrgcc/bin/../lib/gcc/avr/4.3.3/../../../../avr/lib/avr5/crtm32.o
 *(.init9)
 *(.text)
 .text          0x0000008e        0x4 d:/courses/embedded systems _ data/programs/eclipse-avrgcc/bin/../lib/gcc/avr/4.3.3/../../../../avr/lib/avr5/crtm32.o
                0x0000008e                __vector_1
                0x0000008e                __vector_12
                0x0000008e                __bad_interrupt
                0x0000008e                __vector_6
                0x0000008e                __vector_3
                0x0000008e                __vector_11
                0x0000008e                __vector_13
                0x0000008e                __vector_17
                0x0000008e                __vector_19
                0x0000008e                __vector_5
                0x0000008e                __vector_4
                0x0000008e                __vector_2
                0x0000008e                __vector_15
                0x0000008e                __vector_8
                0x0000008e                __vector_14
                0x0000008e                __vector_10
                0x0000008e                __vector_16
                0x0000008e                __vector_18
                0x0000008e                __vector_20
 .text          0x00000092        0x0 ./HMI_func.o
 .text          0x00000092        0x0 ./gpio.o
 .text          0x00000092        0x0 ./keypad.o
 .text          0x00000092        0x0 ./lcd.o
 .text          0x00000092        0x0 ./main_HMI.o
 .text          0x00000092        0x0 ./timer1.o
 .text          0x00000092        0x0 ./uart.o
 .text          0x00000092        0x0 d:/courses/embedded systems _ data/programs/eclipse-avrgcc/bin/../lib/gcc/avr/4.3.3/avr5\libgcc.a(_exit.o)
 .text          0x00000092        0x0 d:/courses/embedded systems _ data/programs/eclipse-avrgcc/bin/../lib/gcc/avr/4.3.3/avr5\libgcc.a(_copy_data.o)
 .text          0x00000092        0x0 d:/courses/embedded systems _ data/programs/eclipse-avrgcc/bin/../lib/gcc/avr/4.3.3/avr5\libgcc.a(_clear_bss.o)
 .text          0x00000092       0x58 d:/courses/embedded systems _ data/programs/eclipse-avrgcc/bin/../lib/gcc/avr/4.3.3/avr5\libgcc.a(_fixunssfsi.o)
                0x00000092                __fixunssfsi
 .text          0x000000ea      0x354 d:/courses/embedded systems _ data/programs/eclipse-avrgcc/bin/../lib/gcc/avr/4.3.3/avr5\libgcc.a(_addsub_sf.o)
                0x00000382                __subsf3
                0x000003e4                __addsf3
 .text          0x0000043e      0x1f4 d:/courses/embedded systems _ data/programs/eclipse-avrgcc/bin/../lib/gcc/avr/4.3.3/avr5\libgcc.a(_mul_sf.o)
                0x0000043e                __mulsf3
 .text          0x00000632      0x158 d:/courses/embedded systems _ data/programs/eclipse-avrgcc/bin/../lib/gcc/avr/4.3.3/avr5\libgcc.a(_div_sf.o)
                0x00000632                __divsf3
 .text          0x0000078a       0x60 d:/courses/embedded systems _ data/programs/eclipse-avrgcc/bin/../lib/gcc/avr/4.3.3/avr5\libgcc.a(_gt_sf.o)
                0x0000078a                __gtsf2
 .text          0x000007ea       0x60 d:/courses/embedded systems _ data/programs/eclipse-avrgcc/bin/../lib/gcc/avr/4.3.3/avr5\libgcc.a(_ge_sf.o)
                0x000007ea                __gesf2
 .text          0x0000084a       0x60 d:/courses/embedded systems _ data/programs/eclipse-avrgcc/bin/../lib/gcc/avr/4.3.3/avr5\libgcc.a(_lt_sf.o)
                0x0000084a                __ltsf2
 .text          0x000008aa       0xa8 d:/courses/embedded systems _ data/programs/eclipse-avrgcc/bin/../lib/gcc/avr/4.3.3/avr5\libgcc.a(_sf_to_si.o)
                0x000008aa                __fixsfsi
 .text          0x00000952        0x0 d:/courses/embedded systems _ data/programs/eclipse-avrgcc/bin/../lib/gcc/avr/4.3.3/avr5\libgcc.a(_thenan_sf.o)
 .text          0x00000952        0x0 d:/courses/embedded systems _ data/programs/eclipse-avrgcc/bin/../lib/gcc/avr/4.3.3/avr5\libgcc.a(_prologue.o)
 .text          0x00000952        0x0 d:/courses/embedded systems _ data/programs/eclipse-avrgcc/bin/../lib/gcc/avr/4.3.3/avr5\libgcc.a(_epilogue.o)
 .text          0x00000952      0x1aa d:/courses/embedded systems _ data/programs/eclipse-avrgcc/bin/../lib/gcc/avr/4.3.3/avr5\libgcc.a(_pack_sf.o)
                0x00000952                __pack_f
 .text          0x00000afc       0xf0 d:/courses/embedded systems _ data/programs/eclipse-avrgcc/bin/../lib/gcc/avr/4.3.3/avr5\libgcc.a(_unpack_sf.o)
                0x00000afc                __unpack_f
 .text          0x00000bec       0xb2 d:/courses/embedded systems _ data/programs/eclipse-avrgcc/bin/../lib/gcc/avr/4.3.3/avr5\libgcc.a(_fpcmp_parts_sf.o)
                0x00000bec                __fpcmp_parts_f
 .text          0x00000c9e        0x0 d:/courses/embedded systems _ data/programs/eclipse-avrgcc/bin/../lib/gcc/avr/4.3.3/../../../../avr/lib/avr5\libc.a(itoa.o)
 .text          0x00000c9e        0x0 d:/courses/embedded systems _ data/programs/eclipse-avrgcc/bin/../lib/gcc/avr/4.3.3/../../../../avr/lib/avr5\libc.a(strrev.o)
 .text          0x00000c9e        0x0 d:/courses/embedded systems _ data/programs/eclipse-avrgcc/bin/../lib/gcc/avr/4.3.3/avr5\libgcc.a(_udivmodhi4.o)
                0x00000c9e                . = ALIGN (0x2)
 *(.text.*)
 .text.HMI_recieveOperation
                0x00000c9e       0x20 ./HMI_func.o
                0x00000c9e                HMI_recieveOperation
 .text.HMI_sendOperation
                0x00000cbe       0x28 ./HMI_func.o
                0x00000cbe                HMI_sendOperation
 .text.HMI_sendPassword
                0x00000ce6      0x54c ./HMI_func.o
                0x00000ce6                HMI_sendPassword
 .text.HMI_createSystemPassword
                0x00001232      0x51a ./HMI_func.o
                0x00001232                HMI_createSystemPassword
 .text.HMI_openDoor
                0x0000174c      0x23a ./HMI_func.o
                0x0000174c                HMI_openDoor
 .text.HMI_threeWrong
                0x00001986      0x218 ./HMI_func.o
                0x00001986                HMI_threeWrong
 .text.HMI_openDoorCheck
                0x00001b9e      0x2a8 ./HMI_func.o
                0x00001b9e                HMI_openDoorCheck
 .text.HMI_changePass
                0x00001e46      0x296 ./HMI_func.o
                0x00001e46                HMI_changePass
 .text.HMI_changeOrOpen
                0x000020dc      0x226 ./HMI_func.o
                0x000020dc                HMI_changeOrOpen
 .text.delaySeconds
                0x00002302       0x8a ./HMI_func.o
                0x00002302                delaySeconds
 .text.countSec
                0x0000238c       0x18 ./HMI_func.o
                0x0000238c                countSec
 .text.GPIO_setupPinDirection
                0x000023a4      0x1d8 ./gpio.o
                0x000023a4                GPIO_setupPinDirection
 .text.GPIO_setupPortDirection
                0x0000257c       0x70 ./gpio.o
                0x0000257c                GPIO_setupPortDirection
 .text.GPIO_writePin
                0x000025ec      0x1e6 ./gpio.o
                0x000025ec                GPIO_writePin
 .text.GPIO_writePort
                0x000027d2       0x70 ./gpio.o
                0x000027d2                GPIO_writePort
 .text.GPIO_readPin
                0x00002842       0xec ./gpio.o
                0x00002842                GPIO_readPin
 .text.GPIO_readPort
                0x0000292e       0x74 ./gpio.o
                0x0000292e                GPIO_readPort
 .text.KEYPAD_getPressedKey
                0x000029a2       0xe4 ./keypad.o
                0x000029a2                KEYPAD_getPressedKey
 .text.KEYPAD_4x4_adjustKeyNumber
                0x00002a86      0x14e ./keypad.o
 .text.LCD_init
                0x00002bd4      0x21c ./lcd.o
                0x00002bd4                LCD_init
 .text.LCD_sendCommand
                0x00002df0      0x76a ./lcd.o
                0x00002df0                LCD_sendCommand
 .text.LCD_displayCharacter
                0x0000355a      0x5a2 ./lcd.o
                0x0000355a                LCD_displayCharacter
 .text.LCD_displayString
                0x00003afc       0x52 ./lcd.o
                0x00003afc                LCD_displayString
 .text.LCD_integerToString
                0x00003b4e       0x46 ./lcd.o
                0x00003b4e                LCD_integerToString
 .text.LCD_moveCursor
                0x00003b94       0x84 ./lcd.o
                0x00003b94                LCD_moveCursor
 .text.LCD_displayStringRowColumn
                0x00003c18       0x32 ./lcd.o
                0x00003c18                LCD_displayStringRowColumn
 .text.LCD_clearScreen
                0x00003c4a       0x14 ./lcd.o
                0x00003c4a                LCD_clearScreen
 .text.main     0x00003c5e      0x314 ./main_HMI.o
                0x00003c5e                main
 .text.__vector_9
                0x00003f72       0x66 ./timer1.o
                0x00003f72                __vector_9
 .text.__vector_7
                0x00003fd8       0x66 ./timer1.o
                0x00003fd8                __vector_7
 .text.TIMER1_init
                0x0000403e       0x90 ./timer1.o
                0x0000403e                TIMER1_init
 .text.TIMER1_deInit
                0x000040ce       0x4a ./timer1.o
                0x000040ce                TIMER1_deInit
 .text.TIMER1_setCallBack
                0x00004118       0x24 ./timer1.o
                0x00004118                TIMER1_setCallBack
 .text.UART_init
                0x0000413c       0xfe ./uart.o
                0x0000413c                UART_init
 .text.UART_sendByte
                0x0000423a       0x2e ./uart.o
                0x0000423a                UART_sendByte
 .text.UART_recieveByte
                0x00004268       0x1e ./uart.o
                0x00004268                UART_recieveByte
 .text.UART_sendString
                0x00004286       0x5c ./uart.o
                0x00004286                UART_sendString
 .text.UART_receiveString
                0x000042e2       0x76 ./uart.o
                0x000042e2                UART_receiveString
 .text.libgcc   0x00004358        0x0 d:/courses/embedded systems _ data/programs/eclipse-avrgcc/bin/../lib/gcc/avr/4.3.3/avr5\libgcc.a(_exit.o)
 .text.libgcc   0x00004358        0x0 d:/courses/embedded systems _ data/programs/eclipse-avrgcc/bin/../lib/gcc/avr/4.3.3/avr5\libgcc.a(_copy_data.o)
 .text.libgcc   0x00004358        0x0 d:/courses/embedded systems _ data/programs/eclipse-avrgcc/bin/../lib/gcc/avr/4.3.3/avr5\libgcc.a(_clear_bss.o)
 .text.libgcc   0x00004358       0x38 d:/courses/embedded systems _ data/programs/eclipse-avrgcc/bin/../lib/gcc/avr/4.3.3/avr5\libgcc.a(_prologue.o)
                0x00004358                __prologue_saves__
 .text.libgcc   0x00004390       0x36 d:/courses/embedded systems _ data/programs/eclipse-avrgcc/bin/../lib/gcc/avr/4.3.3/avr5\libgcc.a(_epilogue.o)
                0x00004390                __epilogue_restores__
 .text.avr-libc
                0x000043c6       0x42 d:/courses/embedded systems _ data/programs/eclipse-avrgcc/bin/../lib/gcc/avr/4.3.3/../../../../avr/lib/avr5\libc.a(itoa.o)
                0x000043c6                itoa
 .text.avr-libc
                0x00004408       0x20 d:/courses/embedded systems _ data/programs/eclipse-avrgcc/bin/../lib/gcc/avr/4.3.3/../../../../avr/lib/avr5\libc.a(strrev.o)
                0x00004408                strrev
 .text.libgcc   0x00004428       0x28 d:/courses/embedded systems _ data/programs/eclipse-avrgcc/bin/../lib/gcc/avr/4.3.3/avr5\libgcc.a(_udivmodhi4.o)
                0x00004428                __udivmodhi4
                0x00004450                . = ALIGN (0x2)
 *(.fini9)
 .fini9         0x00004450        0x0 d:/courses/embedded systems _ data/programs/eclipse-avrgcc/bin/../lib/gcc/avr/4.3.3/avr5\libgcc.a(_exit.o)
                0x00004450                exit
                0x00004450                _exit
 *(.fini9)
 *(.fini8)
 *(.fini8)
 *(.fini7)
 *(.fini7)
 *(.fini6)
 *(.fini6)
 *(.fini5)
 *(.fini5)
 *(.fini4)
 *(.fini4)
 *(.fini3)
 *(.fini3)
 *(.fini2)
 *(.fini2)
 *(.fini1)
 *(.fini1)
 *(.fini0)
 .fini0         0x00004450        0x4 d:/courses/embedded systems _ data/programs/eclipse-avrgcc/bin/../lib/gcc/avr/4.3.3/avr5\libgcc.a(_exit.o)
 *(.fini0)
                0x00004454                _etext = .

.data           0x00800060      0x15a load address 0x00004454
                0x00800060                PROVIDE (__data_start, .)
 *(.data)
 .data          0x00800060        0x0 d:/courses/embedded systems _ data/programs/eclipse-avrgcc/bin/../lib/gcc/avr/4.3.3/../../../../avr/lib/avr5/crtm32.o
 .data          0x00800060      0x104 ./HMI_func.o
 .data          0x00800164        0x0 ./gpio.o
 .data          0x00800164        0x0 ./keypad.o
 .data          0x00800164        0x0 ./lcd.o
 .data          0x00800164       0x48 ./main_HMI.o
 .data          0x008001ac        0x0 ./timer1.o
 .data          0x008001ac        0x0 ./uart.o
 .data          0x008001ac        0x0 d:/courses/embedded systems _ data/programs/eclipse-avrgcc/bin/../lib/gcc/avr/4.3.3/avr5\libgcc.a(_exit.o)
 .data          0x008001ac        0x0 d:/courses/embedded systems _ data/programs/eclipse-avrgcc/bin/../lib/gcc/avr/4.3.3/avr5\libgcc.a(_copy_data.o)
 .data          0x008001ac        0x0 d:/courses/embedded systems _ data/programs/eclipse-avrgcc/bin/../lib/gcc/avr/4.3.3/avr5\libgcc.a(_clear_bss.o)
 .data          0x008001ac        0x0 d:/courses/embedded systems _ data/programs/eclipse-avrgcc/bin/../lib/gcc/avr/4.3.3/avr5\libgcc.a(_fixunssfsi.o)
 .data          0x008001ac        0x0 d:/courses/embedded systems _ data/programs/eclipse-avrgcc/bin/../lib/gcc/avr/4.3.3/avr5\libgcc.a(_addsub_sf.o)
 .data          0x008001ac        0x0 d:/courses/embedded systems _ data/programs/eclipse-avrgcc/bin/../lib/gcc/avr/4.3.3/avr5\libgcc.a(_mul_sf.o)
 .data          0x008001ac        0x0 d:/courses/embedded systems _ data/programs/eclipse-avrgcc/bin/../lib/gcc/avr/4.3.3/avr5\libgcc.a(_div_sf.o)
 .data          0x008001ac        0x0 d:/courses/embedded systems _ data/programs/eclipse-avrgcc/bin/../lib/gcc/avr/4.3.3/avr5\libgcc.a(_gt_sf.o)
 .data          0x008001ac        0x0 d:/courses/embedded systems _ data/programs/eclipse-avrgcc/bin/../lib/gcc/avr/4.3.3/avr5\libgcc.a(_ge_sf.o)
 .data          0x008001ac        0x0 d:/courses/embedded systems _ data/programs/eclipse-avrgcc/bin/../lib/gcc/avr/4.3.3/avr5\libgcc.a(_lt_sf.o)
 .data          0x008001ac        0x0 d:/courses/embedded systems _ data/programs/eclipse-avrgcc/bin/../lib/gcc/avr/4.3.3/avr5\libgcc.a(_sf_to_si.o)
 .data          0x008001ac        0x8 d:/courses/embedded systems _ data/programs/eclipse-avrgcc/bin/../lib/gcc/avr/4.3.3/avr5\libgcc.a(_thenan_sf.o)
                0x008001ac                __thenan_sf
 .data          0x008001b4        0x0 d:/courses/embedded systems _ data/programs/eclipse-avrgcc/bin/../lib/gcc/avr/4.3.3/avr5\libgcc.a(_prologue.o)
 .data          0x008001b4        0x0 d:/courses/embedded systems _ data/programs/eclipse-avrgcc/bin/../lib/gcc/avr/4.3.3/avr5\libgcc.a(_epilogue.o)
 .data          0x008001b4        0x0 d:/courses/embedded systems _ data/programs/eclipse-avrgcc/bin/../lib/gcc/avr/4.3.3/avr5\libgcc.a(_pack_sf.o)
 .data          0x008001b4        0x0 d:/courses/embedded systems _ data/programs/eclipse-avrgcc/bin/../lib/gcc/avr/4.3.3/avr5\libgcc.a(_unpack_sf.o)
 .data          0x008001b4        0x0 d:/courses/embedded systems _ data/programs/eclipse-avrgcc/bin/../lib/gcc/avr/4.3.3/avr5\libgcc.a(_fpcmp_parts_sf.o)
 .data          0x008001b4        0x0 d:/courses/embedded systems _ data/programs/eclipse-avrgcc/bin/../lib/gcc/avr/4.3.3/../../../../avr/lib/avr5\libc.a(itoa.o)
 .data          0x008001b4        0x0 d:/courses/embedded systems _ data/programs/eclipse-avrgcc/bin/../lib/gcc/avr/4.3.3/../../../../avr/lib/avr5\libc.a(strrev.o)
 .data          0x008001b4        0x0 d:/courses/embedded systems _ data/programs/eclipse-avrgcc/bin/../lib/gcc/avr/4.3.3/avr5\libgcc.a(_udivmodhi4.o)
 *(.data*)
 *(.rodata)
 *(.rodata*)
 .rodata.C.14.1675
                0x008001b4        0x6 ./HMI_func.o
 *(.gnu.linkonce.d*)
                0x008001ba                . = ALIGN (0x2)
                0x008001ba                _edata = .
                0x008001ba                PROVIDE (__data_end, .)

.bss            0x008001ba        0x4
                0x008001ba                PROVIDE (__bss_start, .)
 *(.bss)
 .bss           0x008001ba        0x0 d:/courses/embedded systems _ data/programs/eclipse-avrgcc/bin/../lib/gcc/avr/4.3.3/../../../../avr/lib/avr5/crtm32.o
 .bss           0x008001ba        0x0 ./HMI_func.o
 .bss           0x008001ba        0x0 ./gpio.o
 .bss           0x008001ba        0x0 ./keypad.o
 .bss           0x008001ba        0x0 ./lcd.o
 .bss           0x008001ba        0x0 ./main_HMI.o
 .bss           0x008001ba        0x0 ./timer1.o
 .bss           0x008001ba        0x0 ./uart.o
 .bss           0x008001ba        0x0 d:/courses/embedded systems _ data/programs/eclipse-avrgcc/bin/../lib/gcc/avr/4.3.3/avr5\libgcc.a(_exit.o)
 .bss           0x008001ba        0x0 d:/courses/embedded systems _ data/programs/eclipse-avrgcc/bin/../lib/gcc/avr/4.3.3/avr5\libgcc.a(_copy_data.o)
 .bss           0x008001ba        0x0 d:/courses/embedded systems _ data/programs/eclipse-avrgcc/bin/../lib/gcc/avr/4.3.3/avr5\libgcc.a(_clear_bss.o)
 .bss           0x008001ba        0x0 d:/courses/embedded systems _ data/programs/eclipse-avrgcc/bin/../lib/gcc/avr/4.3.3/avr5\libgcc.a(_fixunssfsi.o)
 .bss           0x008001ba        0x0 d:/courses/embedded systems _ data/programs/eclipse-avrgcc/bin/../lib/gcc/avr/4.3.3/avr5\libgcc.a(_addsub_sf.o)
 .bss           0x008001ba        0x0 d:/courses/embedded systems _ data/programs/eclipse-avrgcc/bin/../lib/gcc/avr/4.3.3/avr5\libgcc.a(_mul_sf.o)
 .bss           0x008001ba        0x0 d:/courses/embedded systems _ data/programs/eclipse-avrgcc/bin/../lib/gcc/avr/4.3.3/avr5\libgcc.a(_div_sf.o)
 .bss           0x008001ba        0x0 d:/courses/embedded systems _ data/programs/eclipse-avrgcc/bin/../lib/gcc/avr/4.3.3/avr5\libgcc.a(_gt_sf.o)
 .bss           0x008001ba        0x0 d:/courses/embedded systems _ data/programs/eclipse-avrgcc/bin/../lib/gcc/avr/4.3.3/avr5\libgcc.a(_ge_sf.o)
 .bss           0x008001ba        0x0 d:/courses/embedded systems _ data/programs/eclipse-avrgcc/bin/../lib/gcc/avr/4.3.3/avr5\libgcc.a(_lt_sf.o)
 .bss           0x008001ba        0x0 d:/courses/embedded systems _ data/programs/eclipse-avrgcc/bin/../lib/gcc/avr/4.3.3/avr5\libgcc.a(_sf_to_si.o)
 .bss           0x008001ba        0x0 d:/courses/embedded systems _ data/programs/eclipse-avrgcc/bin/../lib/gcc/avr/4.3.3/avr5\libgcc.a(_thenan_sf.o)
 .bss           0x008001ba        0x0 d:/courses/embedded systems _ data/programs/eclipse-avrgcc/bin/../lib/gcc/avr/4.3.3/avr5\libgcc.a(_prologue.o)
 .bss           0x008001ba        0x0 d:/courses/embedded systems _ data/programs/eclipse-avrgcc/bin/../lib/gcc/avr/4.3.3/avr5\libgcc.a(_epilogue.o)
 .bss           0x008001ba        0x0 d:/courses/embedded systems _ data/programs/eclipse-avrgcc/bin/../lib/gcc/avr/4.3.3/avr5\libgcc.a(_pack_sf.o)
 .bss           0x008001ba        0x0 d:/courses/embedded systems _ data/programs/eclipse-avrgcc/bin/../lib/gcc/avr/4.3.3/avr5\libgcc.a(_unpack_sf.o)
 .bss           0x008001ba        0x0 d:/courses/embedded systems _ data/programs/eclipse-avrgcc/bin/../lib/gcc/avr/4.3.3/avr5\libgcc.a(_fpcmp_parts_sf.o)
 .bss           0x008001ba        0x0 d:/courses/embedded systems _ data/programs/eclipse-avrgcc/bin/../lib/gcc/avr/4.3.3/../../../../avr/lib/avr5\libc.a(itoa.o)
 .bss           0x008001ba        0x0 d:/courses/embedded systems _ data/programs/eclipse-avrgcc/bin/../lib/gcc/avr/4.3.3/../../../../avr/lib/avr5\libc.a(strrev.o)
 .bss           0x008001ba        0x0 d:/courses/embedded systems _ data/programs/eclipse-avrgcc/bin/../lib/gcc/avr/4.3.3/avr5\libgcc.a(_udivmodhi4.o)
 *(.bss*)
 .bss.g_checkPassword
                0x008001ba        0x1 ./HMI_func.o
 .bss.g_sec     0x008001bb        0x1 ./HMI_func.o
                0x008001bb                g_sec
 .bss.g_callBackPtr
                0x008001bc        0x2 ./timer1.o
 *(COMMON)
                0x008001be                PROVIDE (__bss_end, .)
                0x00004454                __data_load_start = LOADADDR (.data)
                0x000045ae                __data_load_end = (__data_load_start + SIZEOF (.data))

.noinit         0x008001be        0x0
                0x008001be                PROVIDE (__noinit_start, .)
 *(.noinit*)
                0x008001be                PROVIDE (__noinit_end, .)
                0x008001be                _end = .
                0x008001be                PROVIDE (__heap_start, .)

.eeprom         0x00810000        0x0
 *(.eeprom*)
                0x00810000                __eeprom_end = .

.fuse
 *(.fuse)
 *(.lfuse)
 *(.hfuse)
 *(.efuse)

.lock
 *(.lock*)

.signature
 *(.signature*)

.stab           0x00000000     0x3b7c
 *(.stab)
 .stab          0x00000000     0x1a64 ./HMI_func.o
 .stab          0x00001a64      0x51c ./gpio.o
                                0x798 (size before relaxing)
 .stab          0x00001f80      0x390 ./keypad.o
                                0x5f4 (size before relaxing)
 .stab          0x00002310      0xe1c ./lcd.o
                               0x10a4 (size before relaxing)
 .stab          0x0000312c      0x450 ./main_HMI.o
                                0x75c (size before relaxing)
 .stab          0x0000357c      0x2ac ./timer1.o
                                0x540 (size before relaxing)
 .stab          0x00003828      0x354 ./uart.o
                                0x618 (size before relaxing)

.stabstr        0x00000000     0x1341
 *(.stabstr)
 .stabstr       0x00000000     0x1341 ./HMI_func.o

.stab.excl
 *(.stab.excl)

.stab.exclstr
 *(.stab.exclstr)

.stab.index
 *(.stab.index)

.stab.indexstr
 *(.stab.indexstr)

.comment
 *(.comment)

.debug
 *(.debug)

.line
 *(.line)

.debug_srcinfo
 *(.debug_srcinfo)

.debug_sfnames
 *(.debug_sfnames)

.debug_aranges  0x00000000      0x160
 *(.debug_aranges)
 .debug_aranges
                0x00000000       0x20 d:/courses/embedded systems _ data/programs/eclipse-avrgcc/bin/../lib/gcc/avr/4.3.3/avr5\libgcc.a(_fixunssfsi.o)
 .debug_aranges
                0x00000020       0x20 d:/courses/embedded systems _ data/programs/eclipse-avrgcc/bin/../lib/gcc/avr/4.3.3/avr5\libgcc.a(_addsub_sf.o)
 .debug_aranges
                0x00000040       0x20 d:/courses/embedded systems _ data/programs/eclipse-avrgcc/bin/../lib/gcc/avr/4.3.3/avr5\libgcc.a(_mul_sf.o)
 .debug_aranges
                0x00000060       0x20 d:/courses/embedded systems _ data/programs/eclipse-avrgcc/bin/../lib/gcc/avr/4.3.3/avr5\libgcc.a(_div_sf.o)
 .debug_aranges
                0x00000080       0x20 d:/courses/embedded systems _ data/programs/eclipse-avrgcc/bin/../lib/gcc/avr/4.3.3/avr5\libgcc.a(_gt_sf.o)
 .debug_aranges
                0x000000a0       0x20 d:/courses/embedded systems _ data/programs/eclipse-avrgcc/bin/../lib/gcc/avr/4.3.3/avr5\libgcc.a(_ge_sf.o)
 .debug_aranges
                0x000000c0       0x20 d:/courses/embedded systems _ data/programs/eclipse-avrgcc/bin/../lib/gcc/avr/4.3.3/avr5\libgcc.a(_lt_sf.o)
 .debug_aranges
                0x000000e0       0x20 d:/courses/embedded systems _ data/programs/eclipse-avrgcc/bin/../lib/gcc/avr/4.3.3/avr5\libgcc.a(_sf_to_si.o)
 .debug_aranges
                0x00000100       0x20 d:/courses/embedded systems _ data/programs/eclipse-avrgcc/bin/../lib/gcc/avr/4.3.3/avr5\libgcc.a(_pack_sf.o)
 .debug_aranges
                0x00000120       0x20 d:/courses/embedded systems _ data/programs/eclipse-avrgcc/bin/../lib/gcc/avr/4.3.3/avr5\libgcc.a(_unpack_sf.o)
 .debug_aranges
                0x00000140       0x20 d:/courses/embedded systems _ data/programs/eclipse-avrgcc/bin/../lib/gcc/avr/4.3.3/avr5\libgcc.a(_fpcmp_parts_sf.o)

.debug_pubnames
                0x00000000      0x18f
 *(.debug_pubnames)
 .debug_pubnames
                0x00000000       0x23 d:/courses/embedded systems _ data/programs/eclipse-avrgcc/bin/../lib/gcc/avr/4.3.3/avr5\libgcc.a(_fixunssfsi.o)
 .debug_pubnames
                0x00000023       0x2c d:/courses/embedded systems _ data/programs/eclipse-avrgcc/bin/../lib/gcc/avr/4.3.3/avr5\libgcc.a(_addsub_sf.o)
 .debug_pubnames
                0x0000004f       0x1f d:/courses/embedded systems _ data/programs/eclipse-avrgcc/bin/../lib/gcc/avr/4.3.3/avr5\libgcc.a(_mul_sf.o)
 .debug_pubnames
                0x0000006e       0x1f d:/courses/embedded systems _ data/programs/eclipse-avrgcc/bin/../lib/gcc/avr/4.3.3/avr5\libgcc.a(_div_sf.o)
 .debug_pubnames
                0x0000008d       0x1e d:/courses/embedded systems _ data/programs/eclipse-avrgcc/bin/../lib/gcc/avr/4.3.3/avr5\libgcc.a(_gt_sf.o)
 .debug_pubnames
                0x000000ab       0x1e d:/courses/embedded systems _ data/programs/eclipse-avrgcc/bin/../lib/gcc/avr/4.3.3/avr5\libgcc.a(_ge_sf.o)
 .debug_pubnames
                0x000000c9       0x1e d:/courses/embedded systems _ data/programs/eclipse-avrgcc/bin/../lib/gcc/avr/4.3.3/avr5\libgcc.a(_lt_sf.o)
 .debug_pubnames
                0x000000e7       0x20 d:/courses/embedded systems _ data/programs/eclipse-avrgcc/bin/../lib/gcc/avr/4.3.3/avr5\libgcc.a(_sf_to_si.o)
 .debug_pubnames
                0x00000107       0x22 d:/courses/embedded systems _ data/programs/eclipse-avrgcc/bin/../lib/gcc/avr/4.3.3/avr5\libgcc.a(_thenan_sf.o)
 .debug_pubnames
                0x00000129       0x1f d:/courses/embedded systems _ data/programs/eclipse-avrgcc/bin/../lib/gcc/avr/4.3.3/avr5\libgcc.a(_pack_sf.o)
 .debug_pubnames
                0x00000148       0x21 d:/courses/embedded systems _ data/programs/eclipse-avrgcc/bin/../lib/gcc/avr/4.3.3/avr5\libgcc.a(_unpack_sf.o)
 .debug_pubnames
                0x00000169       0x26 d:/courses/embedded systems _ data/programs/eclipse-avrgcc/bin/../lib/gcc/avr/4.3.3/avr5\libgcc.a(_fpcmp_parts_sf.o)

.debug_info     0x00000000     0x2045
 *(.debug_info)
 .debug_info    0x00000000       0xb1 d:/courses/embedded systems _ data/programs/eclipse-avrgcc/bin/../lib/gcc/avr/4.3.3/avr5\libgcc.a(_fixunssfsi.o)
 .debug_info    0x000000b1      0x47a d:/courses/embedded systems _ data/programs/eclipse-avrgcc/bin/../lib/gcc/avr/4.3.3/avr5\libgcc.a(_addsub_sf.o)
 .debug_info    0x0000052b      0x485 d:/courses/embedded systems _ data/programs/eclipse-avrgcc/bin/../lib/gcc/avr/4.3.3/avr5\libgcc.a(_mul_sf.o)
 .debug_info    0x000009b0      0x3fc d:/courses/embedded systems _ data/programs/eclipse-avrgcc/bin/../lib/gcc/avr/4.3.3/avr5\libgcc.a(_div_sf.o)
 .debug_info    0x00000dac      0x27f d:/courses/embedded systems _ data/programs/eclipse-avrgcc/bin/../lib/gcc/avr/4.3.3/avr5\libgcc.a(_gt_sf.o)
 .debug_info    0x0000102b      0x27f d:/courses/embedded systems _ data/programs/eclipse-avrgcc/bin/../lib/gcc/avr/4.3.3/avr5\libgcc.a(_ge_sf.o)
 .debug_info    0x000012aa      0x27f d:/courses/embedded systems _ data/programs/eclipse-avrgcc/bin/../lib/gcc/avr/4.3.3/avr5\libgcc.a(_lt_sf.o)
 .debug_info    0x00001529      0x2b0 d:/courses/embedded systems _ data/programs/eclipse-avrgcc/bin/../lib/gcc/avr/4.3.3/avr5\libgcc.a(_sf_to_si.o)
 .debug_info    0x000017d9      0x12c d:/courses/embedded systems _ data/programs/eclipse-avrgcc/bin/../lib/gcc/avr/4.3.3/avr5\libgcc.a(_thenan_sf.o)
 .debug_info    0x00001905      0x2df d:/courses/embedded systems _ data/programs/eclipse-avrgcc/bin/../lib/gcc/avr/4.3.3/avr5\libgcc.a(_pack_sf.o)
 .debug_info    0x00001be4      0x251 d:/courses/embedded systems _ data/programs/eclipse-avrgcc/bin/../lib/gcc/avr/4.3.3/avr5\libgcc.a(_unpack_sf.o)
 .debug_info    0x00001e35      0x210 d:/courses/embedded systems _ data/programs/eclipse-avrgcc/bin/../lib/gcc/avr/4.3.3/avr5\libgcc.a(_fpcmp_parts_sf.o)
 *(.gnu.linkonce.wi.*)

.debug_abbrev   0x00000000     0x1101
 *(.debug_abbrev)
 .debug_abbrev  0x00000000       0x5d d:/courses/embedded systems _ data/programs/eclipse-avrgcc/bin/../lib/gcc/avr/4.3.3/avr5\libgcc.a(_fixunssfsi.o)
 .debug_abbrev  0x0000005d      0x1ea d:/courses/embedded systems _ data/programs/eclipse-avrgcc/bin/../lib/gcc/avr/4.3.3/avr5\libgcc.a(_addsub_sf.o)
 .debug_abbrev  0x00000247      0x21b d:/courses/embedded systems _ data/programs/eclipse-avrgcc/bin/../lib/gcc/avr/4.3.3/avr5\libgcc.a(_mul_sf.o)
 .debug_abbrev  0x00000462      0x216 d:/courses/embedded systems _ data/programs/eclipse-avrgcc/bin/../lib/gcc/avr/4.3.3/avr5\libgcc.a(_div_sf.o)
 .debug_abbrev  0x00000678      0x15a d:/courses/embedded systems _ data/programs/eclipse-avrgcc/bin/../lib/gcc/avr/4.3.3/avr5\libgcc.a(_gt_sf.o)
 .debug_abbrev  0x000007d2      0x15a d:/courses/embedded systems _ data/programs/eclipse-avrgcc/bin/../lib/gcc/avr/4.3.3/avr5\libgcc.a(_ge_sf.o)
 .debug_abbrev  0x0000092c      0x15a d:/courses/embedded systems _ data/programs/eclipse-avrgcc/bin/../lib/gcc/avr/4.3.3/avr5\libgcc.a(_lt_sf.o)
 .debug_abbrev  0x00000a86      0x17f d:/courses/embedded systems _ data/programs/eclipse-avrgcc/bin/../lib/gcc/avr/4.3.3/avr5\libgcc.a(_sf_to_si.o)
 .debug_abbrev  0x00000c05       0xad d:/courses/embedded systems _ data/programs/eclipse-avrgcc/bin/../lib/gcc/avr/4.3.3/avr5\libgcc.a(_thenan_sf.o)
 .debug_abbrev  0x00000cb2      0x1c0 d:/courses/embedded systems _ data/programs/eclipse-avrgcc/bin/../lib/gcc/avr/4.3.3/avr5\libgcc.a(_pack_sf.o)
 .debug_abbrev  0x00000e72      0x154 d:/courses/embedded systems _ data/programs/eclipse-avrgcc/bin/../lib/gcc/avr/4.3.3/avr5\libgcc.a(_unpack_sf.o)
 .debug_abbrev  0x00000fc6      0x13b d:/courses/embedded systems _ data/programs/eclipse-avrgcc/bin/../lib/gcc/avr/4.3.3/avr5\libgcc.a(_fpcmp_parts_sf.o)

.debug_line     0x00000000      0xf82
 *(.debug_line)
 .debug_line    0x00000000       0xa7 d:/courses/embedded systems _ data/programs/eclipse-avrgcc/bin/../lib/gcc/avr/4.3.3/avr5\libgcc.a(_fixunssfsi.o)
 .debug_line    0x000000a7      0x2af d:/courses/embedded systems _ data/programs/eclipse-avrgcc/bin/../lib/gcc/avr/4.3.3/avr5\libgcc.a(_addsub_sf.o)
 .debug_line    0x00000356      0x239 d:/courses/embedded systems _ data/programs/eclipse-avrgcc/bin/../lib/gcc/avr/4.3.3/avr5\libgcc.a(_mul_sf.o)
 .debug_line    0x0000058f      0x1d5 d:/courses/embedded systems _ data/programs/eclipse-avrgcc/bin/../lib/gcc/avr/4.3.3/avr5\libgcc.a(_div_sf.o)
 .debug_line    0x00000764       0xd3 d:/courses/embedded systems _ data/programs/eclipse-avrgcc/bin/../lib/gcc/avr/4.3.3/avr5\libgcc.a(_gt_sf.o)
 .debug_line    0x00000837       0xd3 d:/courses/embedded systems _ data/programs/eclipse-avrgcc/bin/../lib/gcc/avr/4.3.3/avr5\libgcc.a(_ge_sf.o)
 .debug_line    0x0000090a       0xd3 d:/courses/embedded systems _ data/programs/eclipse-avrgcc/bin/../lib/gcc/avr/4.3.3/avr5\libgcc.a(_lt_sf.o)
 .debug_line    0x000009dd      0x109 d:/courses/embedded systems _ data/programs/eclipse-avrgcc/bin/../lib/gcc/avr/4.3.3/avr5\libgcc.a(_sf_to_si.o)
 .debug_line    0x00000ae6       0x90 d:/courses/embedded systems _ data/programs/eclipse-avrgcc/bin/../lib/gcc/avr/4.3.3/avr5\libgcc.a(_thenan_sf.o)
 .debug_line    0x00000b76      0x18a d:/courses/embedded systems _ data/programs/eclipse-avrgcc/bin/../lib/gcc/avr/4.3.3/avr5\libgcc.a(_pack_sf.o)
 .debug_line    0x00000d00      0x14b d:/courses/embedded systems _ data/programs/eclipse-avrgcc/bin/../lib/gcc/avr/4.3.3/avr5\libgcc.a(_unpack_sf.o)
 .debug_line    0x00000e4b      0x137 d:/courses/embedded systems _ data/programs/eclipse-avrgcc/bin/../lib/gcc/avr/4.3.3/avr5\libgcc.a(_fpcmp_parts_sf.o)

.debug_frame    0x00000000      0x180
 *(.debug_frame)
 .debug_frame   0x00000000       0x20 d:/courses/embedded systems _ data/programs/eclipse-avrgcc/bin/../lib/gcc/avr/4.3.3/avr5\libgcc.a(_fixunssfsi.o)
 .debug_frame   0x00000020       0x40 d:/courses/embedded systems _ data/programs/eclipse-avrgcc/bin/../lib/gcc/avr/4.3.3/avr5\libgcc.a(_addsub_sf.o)
 .debug_frame   0x00000060       0x20 d:/courses/embedded systems _ data/programs/eclipse-avrgcc/bin/../lib/gcc/avr/4.3.3/avr5\libgcc.a(_mul_sf.o)
 .debug_frame   0x00000080       0x20 d:/courses/embedded systems _ data/programs/eclipse-avrgcc/bin/../lib/gcc/avr/4.3.3/avr5\libgcc.a(_div_sf.o)
 .debug_frame   0x000000a0       0x20 d:/courses/embedded systems _ data/programs/eclipse-avrgcc/bin/../lib/gcc/avr/4.3.3/avr5\libgcc.a(_gt_sf.o)
 .debug_frame   0x000000c0       0x20 d:/courses/embedded systems _ data/programs/eclipse-avrgcc/bin/../lib/gcc/avr/4.3.3/avr5\libgcc.a(_ge_sf.o)
 .debug_frame   0x000000e0       0x20 d:/courses/embedded systems _ data/programs/eclipse-avrgcc/bin/../lib/gcc/avr/4.3.3/avr5\libgcc.a(_lt_sf.o)
 .debug_frame   0x00000100       0x20 d:/courses/embedded systems _ data/programs/eclipse-avrgcc/bin/../lib/gcc/avr/4.3.3/avr5\libgcc.a(_sf_to_si.o)
 .debug_frame   0x00000120       0x20 d:/courses/embedded systems _ data/programs/eclipse-avrgcc/bin/../lib/gcc/avr/4.3.3/avr5\libgcc.a(_pack_sf.o)
 .debug_frame   0x00000140       0x20 d:/courses/embedded systems _ data/programs/eclipse-avrgcc/bin/../lib/gcc/avr/4.3.3/avr5\libgcc.a(_unpack_sf.o)
 .debug_frame   0x00000160       0x20 d:/courses/embedded systems _ data/programs/eclipse-avrgcc/bin/../lib/gcc/avr/4.3.3/avr5\libgcc.a(_fpcmp_parts_sf.o)

.debug_str      0x00000000      0x2c2
 *(.debug_str)
 .debug_str     0x00000000       0xbf d:/courses/embedded systems _ data/programs/eclipse-avrgcc/bin/../lib/gcc/avr/4.3.3/avr5\libgcc.a(_fixunssfsi.o)
                                 0xfe (size before relaxing)
 .debug_str     0x000000bf      0x14d d:/courses/embedded systems _ data/programs/eclipse-avrgcc/bin/../lib/gcc/avr/4.3.3/avr5\libgcc.a(_addsub_sf.o)
                                0x206 (size before relaxing)
 .debug_str     0x0000020c       0x27 d:/courses/embedded systems _ data/programs/eclipse-avrgcc/bin/../lib/gcc/avr/4.3.3/avr5\libgcc.a(_mul_sf.o)
                                0x1bf (size before relaxing)
 .debug_str     0x00000233       0x35 d:/courses/embedded systems _ data/programs/eclipse-avrgcc/bin/../lib/gcc/avr/4.3.3/avr5\libgcc.a(_div_sf.o)
                                0x1c8 (size before relaxing)
 .debug_str     0x00000268        0xf d:/courses/embedded systems _ data/programs/eclipse-avrgcc/bin/../lib/gcc/avr/4.3.3/avr5\libgcc.a(_gt_sf.o)
                                0x195 (size before relaxing)
 .debug_str     0x00000277        0x8 d:/courses/embedded systems _ data/programs/eclipse-avrgcc/bin/../lib/gcc/avr/4.3.3/avr5\libgcc.a(_ge_sf.o)
                                0x195 (size before relaxing)
 .debug_str     0x0000027f        0x8 d:/courses/embedded systems _ data/programs/eclipse-avrgcc/bin/../lib/gcc/avr/4.3.3/avr5\libgcc.a(_lt_sf.o)
                                0x195 (size before relaxing)
 .debug_str     0x00000287        0xa d:/courses/embedded systems _ data/programs/eclipse-avrgcc/bin/../lib/gcc/avr/4.3.3/avr5\libgcc.a(_sf_to_si.o)
                                0x19e (size before relaxing)
 .debug_str     0x00000000      0x103 d:/courses/embedded systems _ data/programs/eclipse-avrgcc/bin/../lib/gcc/avr/4.3.3/avr5\libgcc.a(_thenan_sf.o)
 .debug_str     0x00000291       0x16 d:/courses/embedded systems _ data/programs/eclipse-avrgcc/bin/../lib/gcc/avr/4.3.3/avr5\libgcc.a(_pack_sf.o)
                                0x19d (size before relaxing)
 .debug_str     0x000002a7        0xb d:/courses/embedded systems _ data/programs/eclipse-avrgcc/bin/../lib/gcc/avr/4.3.3/avr5\libgcc.a(_unpack_sf.o)
                                0x17f (size before relaxing)
 .debug_str     0x000002b2       0x10 d:/courses/embedded systems _ data/programs/eclipse-avrgcc/bin/../lib/gcc/avr/4.3.3/avr5\libgcc.a(_fpcmp_parts_sf.o)
                                0x163 (size before relaxing)

.debug_loc      0x00000000      0x88e
 *(.debug_loc)
 .debug_loc     0x00000000       0x34 d:/courses/embedded systems _ data/programs/eclipse-avrgcc/bin/../lib/gcc/avr/4.3.3/avr5\libgcc.a(_fixunssfsi.o)
 .debug_loc     0x00000034      0x32a d:/courses/embedded systems _ data/programs/eclipse-avrgcc/bin/../lib/gcc/avr/4.3.3/avr5\libgcc.a(_addsub_sf.o)
 .debug_loc     0x0000035e      0x104 d:/courses/embedded systems _ data/programs/eclipse-avrgcc/bin/../lib/gcc/avr/4.3.3/avr5\libgcc.a(_mul_sf.o)
 .debug_loc     0x00000462       0xc0 d:/courses/embedded systems _ data/programs/eclipse-avrgcc/bin/../lib/gcc/avr/4.3.3/avr5\libgcc.a(_div_sf.o)
 .debug_loc     0x00000522       0x3c d:/courses/embedded systems _ data/programs/eclipse-avrgcc/bin/../lib/gcc/avr/4.3.3/avr5\libgcc.a(_gt_sf.o)
 .debug_loc     0x0000055e       0x3c d:/courses/embedded systems _ data/programs/eclipse-avrgcc/bin/../lib/gcc/avr/4.3.3/avr5\libgcc.a(_ge_sf.o)
 .debug_loc     0x0000059a       0x3c d:/courses/embedded systems _ data/programs/eclipse-avrgcc/bin/../lib/gcc/avr/4.3.3/avr5\libgcc.a(_lt_sf.o)
 .debug_loc     0x000005d6       0x7e d:/courses/embedded systems _ data/programs/eclipse-avrgcc/bin/../lib/gcc/avr/4.3.3/avr5\libgcc.a(_sf_to_si.o)
 .debug_loc     0x00000654      0x13e d:/courses/embedded systems _ data/programs/eclipse-avrgcc/bin/../lib/gcc/avr/4.3.3/avr5\libgcc.a(_pack_sf.o)
 .debug_loc     0x00000792       0xac d:/courses/embedded systems _ data/programs/eclipse-avrgcc/bin/../lib/gcc/avr/4.3.3/avr5\libgcc.a(_unpack_sf.o)
 .debug_loc     0x0000083e       0x50 d:/courses/embedded systems _ data/programs/eclipse-avrgcc/bin/../lib/gcc/avr/4.3.3/avr5\libgcc.a(_fpcmp_parts_sf.o)

.debug_macinfo
 *(.debug_macinfo)
OUTPUT(HMI_ECU.elf elf32-avr)
LOAD linker stubs

.debug_ranges   0x00000000       0x50
 .debug_ranges  0x00000000       0x50 d:/courses/embedded systems _ data/programs/eclipse-avrgcc/bin/../lib/gcc/avr/4.3.3/avr5\libgcc.a(_mul_sf.o)
