Archive member included because of file (symbol)

d:/courses/embedded systems _ data/programs/eclipse-avrgcc/bin/../lib/gcc/avr/4.3.3/avr5\libgcc.a(_exit.o)
                              d:/courses/embedded systems _ data/programs/eclipse-avrgcc/bin/../lib/gcc/avr/4.3.3/../../../../avr/lib/avr5/crtm32.o (exit)
d:/courses/embedded systems _ data/programs/eclipse-avrgcc/bin/../lib/gcc/avr/4.3.3/avr5\libgcc.a(_copy_data.o)
                              ./main_Functions.o (__do_copy_data)
d:/courses/embedded systems _ data/programs/eclipse-avrgcc/bin/../lib/gcc/avr/4.3.3/avr5\libgcc.a(_clear_bss.o)
                              ./main_Functions.o (__do_clear_bss)
d:/courses/embedded systems _ data/programs/eclipse-avrgcc/bin/../lib/gcc/avr/4.3.3/avr5\libgcc.a(_fixunssfsi.o)
                              ./main_Functions.o (__fixunssfsi)
d:/courses/embedded systems _ data/programs/eclipse-avrgcc/bin/../lib/gcc/avr/4.3.3/avr5\libgcc.a(_addsub_sf.o)
                              d:/courses/embedded systems _ data/programs/eclipse-avrgcc/bin/../lib/gcc/avr/4.3.3/avr5\libgcc.a(_fixunssfsi.o) (__subsf3)
d:/courses/embedded systems _ data/programs/eclipse-avrgcc/bin/../lib/gcc/avr/4.3.3/avr5\libgcc.a(_mul_sf.o)
                              ./main_Functions.o (__mulsf3)
d:/courses/embedded systems _ data/programs/eclipse-avrgcc/bin/../lib/gcc/avr/4.3.3/avr5\libgcc.a(_gt_sf.o)
                              ./main_Functions.o (__gtsf2)
d:/courses/embedded systems _ data/programs/eclipse-avrgcc/bin/../lib/gcc/avr/4.3.3/avr5\libgcc.a(_ge_sf.o)
                              d:/courses/embedded systems _ data/programs/eclipse-avrgcc/bin/../lib/gcc/avr/4.3.3/avr5\libgcc.a(_fixunssfsi.o) (__gesf2)
d:/courses/embedded systems _ data/programs/eclipse-avrgcc/bin/../lib/gcc/avr/4.3.3/avr5\libgcc.a(_lt_sf.o)
                              ./main_Functions.o (__ltsf2)
d:/courses/embedded systems _ data/programs/eclipse-avrgcc/bin/../lib/gcc/avr/4.3.3/avr5\libgcc.a(_sf_to_si.o)
                              d:/courses/embedded systems _ data/programs/eclipse-avrgcc/bin/../lib/gcc/avr/4.3.3/avr5\libgcc.a(_fixunssfsi.o) (__fixsfsi)
d:/courses/embedded systems _ data/programs/eclipse-avrgcc/bin/../lib/gcc/avr/4.3.3/avr5\libgcc.a(_thenan_sf.o)
                              d:/courses/embedded systems _ data/programs/eclipse-avrgcc/bin/../lib/gcc/avr/4.3.3/avr5\libgcc.a(_addsub_sf.o) (__thenan_sf)
d:/courses/embedded systems _ data/programs/eclipse-avrgcc/bin/../lib/gcc/avr/4.3.3/avr5\libgcc.a(_prologue.o)
                              d:/courses/embedded systems _ data/programs/eclipse-avrgcc/bin/../lib/gcc/avr/4.3.3/avr5\libgcc.a(_addsub_sf.o) (__prologue_saves__)
d:/courses/embedded systems _ data/programs/eclipse-avrgcc/bin/../lib/gcc/avr/4.3.3/avr5\libgcc.a(_epilogue.o)
                              d:/courses/embedded systems _ data/programs/eclipse-avrgcc/bin/../lib/gcc/avr/4.3.3/avr5\libgcc.a(_addsub_sf.o) (__epilogue_restores__)
d:/courses/embedded systems _ data/programs/eclipse-avrgcc/bin/../lib/gcc/avr/4.3.3/avr5\libgcc.a(_pack_sf.o)
                              d:/courses/embedded systems _ data/programs/eclipse-avrgcc/bin/../lib/gcc/avr/4.3.3/avr5\libgcc.a(_addsub_sf.o) (__pack_f)
d:/courses/embedded systems _ data/programs/eclipse-avrgcc/bin/../lib/gcc/avr/4.3.3/avr5\libgcc.a(_unpack_sf.o)
                              d:/courses/embedded systems _ data/programs/eclipse-avrgcc/bin/../lib/gcc/avr/4.3.3/avr5\libgcc.a(_addsub_sf.o) (__unpack_f)
d:/courses/embedded systems _ data/programs/eclipse-avrgcc/bin/../lib/gcc/avr/4.3.3/avr5\libgcc.a(_fpcmp_parts_sf.o)
                              d:/courses/embedded systems _ data/programs/eclipse-avrgcc/bin/../lib/gcc/avr/4.3.3/avr5\libgcc.a(_gt_sf.o) (__fpcmp_parts_f)

Memory Configuration

Name             Origin             Length             Attributes
text             0x00000000         0x00020000         xr
data             0x00800060         0x0000ffa0         rw !x
eeprom           0x00810000         0x00010000         rw !x
fuse             0x00820000         0x00000400         rw !x
lock             0x00830000         0x00000400         rw !x
signature        0x00840000         0x00000400         rw !x
*default*        0x00000000         0xffffffff

Linker script and memory map

LOAD d:/courses/embedded systems _ data/programs/eclipse-avrgcc/bin/../lib/gcc/avr/4.3.3/../../../../avr/lib/avr5/crtm32.o
LOAD ./DC_motor.o
LOAD ./E24c16.o
LOAD ./buzzer.o
LOAD ./gpio.o
LOAD ./i2c.o
LOAD ./main.o
LOAD ./main_Functions.o
LOAD ./timer1.o
LOAD ./uart.o
LOAD d:/courses/embedded systems _ data/programs/eclipse-avrgcc/bin/../lib/gcc/avr/4.3.3/avr5\libgcc.a
LOAD d:/courses/embedded systems _ data/programs/eclipse-avrgcc/bin/../lib/gcc/avr/4.3.3/../../../../avr/lib/avr5\libc.a
LOAD d:/courses/embedded systems _ data/programs/eclipse-avrgcc/bin/../lib/gcc/avr/4.3.3/avr5\libgcc.a

.hash
 *(.hash)

.dynsym
 *(.dynsym)

.dynstr
 *(.dynstr)

.gnu.version
 *(.gnu.version)

.gnu.version_d
 *(.gnu.version_d)

.gnu.version_r
 *(.gnu.version_r)

.rel.init
 *(.rel.init)

.rela.init
 *(.rela.init)

.rel.text
 *(.rel.text)
 *(.rel.text.*)
 *(.rel.gnu.linkonce.t*)

.rela.text
 *(.rela.text)
 *(.rela.text.*)
 *(.rela.gnu.linkonce.t*)

.rel.fini
 *(.rel.fini)

.rela.fini
 *(.rela.fini)

.rel.rodata
 *(.rel.rodata)
 *(.rel.rodata.*)
 *(.rel.gnu.linkonce.r*)

.rela.rodata
 *(.rela.rodata)
 *(.rela.rodata.*)
 *(.rela.gnu.linkonce.r*)

.rel.data
 *(.rel.data)
 *(.rel.data.*)
 *(.rel.gnu.linkonce.d*)

.rela.data
 *(.rela.data)
 *(.rela.data.*)
 *(.rela.gnu.linkonce.d*)

.rel.ctors
 *(.rel.ctors)

.rela.ctors
 *(.rela.ctors)

.rel.dtors
 *(.rel.dtors)

.rela.dtors
 *(.rela.dtors)

.rel.got
 *(.rel.got)

.rela.got
 *(.rela.got)

.rel.bss
 *(.rel.bss)

.rela.bss
 *(.rela.bss)

.rel.plt
 *(.rel.plt)

.rela.plt
 *(.rela.plt)

.text           0x00000000     0x1f2a
 *(.vectors)
 .vectors       0x00000000       0x54 d:/courses/embedded systems _ data/programs/eclipse-avrgcc/bin/../lib/gcc/avr/4.3.3/../../../../avr/lib/avr5/crtm32.o
                0x00000000                __vectors
                0x00000000                __vector_default
 *(.vectors)
 *(.progmem.gcc*)
 *(.progmem*)
                0x00000054                . = ALIGN (0x2)
                0x00000054                __trampolines_start = .
 *(.trampolines)
 .trampolines   0x00000054        0x0 linker stubs
 *(.trampolines*)
                0x00000054                __trampolines_end = .
 *(.jumptables)
 *(.jumptables*)
 *(.lowtext)
 *(.lowtext*)
                0x00000054                __ctors_start = .
 *(.ctors)
                0x00000054                __ctors_end = .
                0x00000054                __dtors_start = .
 *(.dtors)
                0x00000054                __dtors_end = .
 SORT(*)(.ctors)
 SORT(*)(.dtors)
 *(.init0)
 .init0         0x00000054        0x0 d:/courses/embedded systems _ data/programs/eclipse-avrgcc/bin/../lib/gcc/avr/4.3.3/../../../../avr/lib/avr5/crtm32.o
                0x00000054                __init
 *(.init0)
 *(.init1)
 *(.init1)
 *(.init2)
 .init2         0x00000054        0xc d:/courses/embedded systems _ data/programs/eclipse-avrgcc/bin/../lib/gcc/avr/4.3.3/../../../../avr/lib/avr5/crtm32.o
 *(.init2)
 *(.init3)
 *(.init3)
 *(.init4)
 .init4         0x00000060       0x16 d:/courses/embedded systems _ data/programs/eclipse-avrgcc/bin/../lib/gcc/avr/4.3.3/avr5\libgcc.a(_copy_data.o)
                0x00000060                __do_copy_data
 .init4         0x00000076       0x10 d:/courses/embedded systems _ data/programs/eclipse-avrgcc/bin/../lib/gcc/avr/4.3.3/avr5\libgcc.a(_clear_bss.o)
                0x00000076                __do_clear_bss
 *(.init4)
 *(.init5)
 *(.init5)
 *(.init6)
 *(.init6)
 *(.init7)
 *(.init7)
 *(.init8)
 *(.init8)
 *(.init9)
 .init9         0x00000086        0x8 d:/courses/embedded systems _ data/programs/eclipse-avrgcc/bin/../lib/gcc/avr/4.3.3/../../../../avr/lib/avr5/crtm32.o
 *(.init9)
 *(.text)
 .text          0x0000008e        0x4 d:/courses/embedded systems _ data/programs/eclipse-avrgcc/bin/../lib/gcc/avr/4.3.3/../../../../avr/lib/avr5/crtm32.o
                0x0000008e                __vector_1
                0x0000008e                __vector_12
                0x0000008e                __bad_interrupt
                0x0000008e                __vector_6
                0x0000008e                __vector_3
                0x0000008e                __vector_11
                0x0000008e                __vector_13
                0x0000008e                __vector_17
                0x0000008e                __vector_19
                0x0000008e                __vector_5
                0x0000008e                __vector_4
                0x0000008e                __vector_2
                0x0000008e                __vector_15
                0x0000008e                __vector_8
                0x0000008e                __vector_14
                0x0000008e                __vector_10
                0x0000008e                __vector_16
                0x0000008e                __vector_18
                0x0000008e                __vector_20
 .text          0x00000092        0x0 ./DC_motor.o
 .text          0x00000092        0x0 ./E24c16.o
 .text          0x00000092        0x0 ./buzzer.o
 .text          0x00000092        0x0 ./gpio.o
 .text          0x00000092        0x0 ./i2c.o
 .text          0x00000092        0x0 ./main.o
 .text          0x00000092        0x0 ./main_Functions.o
 .text          0x00000092        0x0 ./timer1.o
 .text          0x00000092        0x0 ./uart.o
 .text          0x00000092        0x0 d:/courses/embedded systems _ data/programs/eclipse-avrgcc/bin/../lib/gcc/avr/4.3.3/avr5\libgcc.a(_exit.o)
 .text          0x00000092        0x0 d:/courses/embedded systems _ data/programs/eclipse-avrgcc/bin/../lib/gcc/avr/4.3.3/avr5\libgcc.a(_copy_data.o)
 .text          0x00000092        0x0 d:/courses/embedded systems _ data/programs/eclipse-avrgcc/bin/../lib/gcc/avr/4.3.3/avr5\libgcc.a(_clear_bss.o)
 .text          0x00000092       0x58 d:/courses/embedded systems _ data/programs/eclipse-avrgcc/bin/../lib/gcc/avr/4.3.3/avr5\libgcc.a(_fixunssfsi.o)
                0x00000092                __fixunssfsi
 .text          0x000000ea      0x354 d:/courses/embedded systems _ data/programs/eclipse-avrgcc/bin/../lib/gcc/avr/4.3.3/avr5\libgcc.a(_addsub_sf.o)
                0x00000382                __subsf3
                0x000003e4                __addsf3
 .text          0x0000043e      0x1f4 d:/courses/embedded systems _ data/programs/eclipse-avrgcc/bin/../lib/gcc/avr/4.3.3/avr5\libgcc.a(_mul_sf.o)
                0x0000043e                __mulsf3
 .text          0x00000632       0x60 d:/courses/embedded systems _ data/programs/eclipse-avrgcc/bin/../lib/gcc/avr/4.3.3/avr5\libgcc.a(_gt_sf.o)
                0x00000632                __gtsf2
 .text          0x00000692       0x60 d:/courses/embedded systems _ data/programs/eclipse-avrgcc/bin/../lib/gcc/avr/4.3.3/avr5\libgcc.a(_ge_sf.o)
                0x00000692                __gesf2
 .text          0x000006f2       0x60 d:/courses/embedded systems _ data/programs/eclipse-avrgcc/bin/../lib/gcc/avr/4.3.3/avr5\libgcc.a(_lt_sf.o)
                0x000006f2                __ltsf2
 .text          0x00000752       0xa8 d:/courses/embedded systems _ data/programs/eclipse-avrgcc/bin/../lib/gcc/avr/4.3.3/avr5\libgcc.a(_sf_to_si.o)
                0x00000752                __fixsfsi
 .text          0x000007fa        0x0 d:/courses/embedded systems _ data/programs/eclipse-avrgcc/bin/../lib/gcc/avr/4.3.3/avr5\libgcc.a(_thenan_sf.o)
 .text          0x000007fa        0x0 d:/courses/embedded systems _ data/programs/eclipse-avrgcc/bin/../lib/gcc/avr/4.3.3/avr5\libgcc.a(_prologue.o)
 .text          0x000007fa        0x0 d:/courses/embedded systems _ data/programs/eclipse-avrgcc/bin/../lib/gcc/avr/4.3.3/avr5\libgcc.a(_epilogue.o)
 .text          0x000007fa      0x1aa d:/courses/embedded systems _ data/programs/eclipse-avrgcc/bin/../lib/gcc/avr/4.3.3/avr5\libgcc.a(_pack_sf.o)
                0x000007fa                __pack_f
 .text          0x000009a4       0xf0 d:/courses/embedded systems _ data/programs/eclipse-avrgcc/bin/../lib/gcc/avr/4.3.3/avr5\libgcc.a(_unpack_sf.o)
                0x000009a4                __unpack_f
 .text          0x00000a94       0xb2 d:/courses/embedded systems _ data/programs/eclipse-avrgcc/bin/../lib/gcc/avr/4.3.3/avr5\libgcc.a(_fpcmp_parts_sf.o)
                0x00000a94                __fpcmp_parts_f
                0x00000b46                . = ALIGN (0x2)
 *(.text.*)
 .text.DcMotor_Init
                0x00000b46       0x4a ./DC_motor.o
                0x00000b46                DcMotor_Init
 .text.DcMotor_Rotate
                0x00000b90       0x84 ./DC_motor.o
                0x00000b90                DcMotor_Rotate
 .text.EEPROM_writeByte
                0x00000c14       0x82 ./E24c16.o
                0x00000c14                EEPROM_writeByte
 .text.EEPROM_readByte
                0x00000c96       0xc0 ./E24c16.o
                0x00000c96                EEPROM_readByte
 .text.Buzzer_init
                0x00000d56       0x22 ./buzzer.o
                0x00000d56                Buzzer_init
 .text.Buzzer_on
                0x00000d78       0x18 ./buzzer.o
                0x00000d78                Buzzer_on
 .text.Buzzer_off
                0x00000d90       0x18 ./buzzer.o
                0x00000d90                Buzzer_off
 .text.GPIO_setupPinDirection
                0x00000da8      0x1d8 ./gpio.o
                0x00000da8                GPIO_setupPinDirection
 .text.GPIO_setupPortDirection
                0x00000f80       0x70 ./gpio.o
                0x00000f80                GPIO_setupPortDirection
 .text.GPIO_writePin
                0x00000ff0      0x1e6 ./gpio.o
                0x00000ff0                GPIO_writePin
 .text.GPIO_writePort
                0x000011d6       0x70 ./gpio.o
                0x000011d6                GPIO_writePort
 .text.GPIO_readPin
                0x00001246       0xec ./gpio.o
                0x00001246                GPIO_readPin
 .text.GPIO_readPort
                0x00001332       0x74 ./gpio.o
                0x00001332                GPIO_readPort
 .text.I2C_init
                0x000013a6       0x3e ./i2c.o
                0x000013a6                I2C_init
 .text.I2C_start
                0x000013e4       0x20 ./i2c.o
                0x000013e4                I2C_start
 .text.I2C_stop
                0x00001404       0x16 ./i2c.o
                0x00001404                I2C_stop
 .text.I2C_writeByte
                0x0000141a       0x2e ./i2c.o
                0x0000141a                I2C_writeByte
 .text.I2C_readByteWithACK
                0x00001448       0x26 ./i2c.o
                0x00001448                I2C_readByteWithACK
 .text.I2C_readByteWithNACK
                0x0000146e       0x26 ./i2c.o
                0x0000146e                I2C_readByteWithNACK
 .text.I2C_getStatus
                0x00001494       0x16 ./i2c.o
                0x00001494                I2C_getStatus
 .text.main     0x000014aa       0x58 ./main.o
                0x000014aa                main
 .text.CONTROL_getOperation
                0x00001502       0xb6 ./main_Functions.o
                0x00001502                CONTROL_getOperation
 .text.CONTROL_recieveOperation
                0x000015b8       0x20 ./main_Functions.o
                0x000015b8                CONTROL_recieveOperation
 .text.CONTROL_sendOperation
                0x000015d8       0x28 ./main_Functions.o
                0x000015d8                CONTROL_sendOperation
 .text.CONTROL_checkPassword
                0x00001600       0x94 ./main_Functions.o
                0x00001600                CONTROL_checkPassword
 .text.CONTROL_writePasswordInEEPROM
                0x00001694       0x5e ./main_Functions.o
                0x00001694                CONTROL_writePasswordInEEPROM
 .text.CONTROL_changePasswordEEPROM
                0x000016f2       0x1a ./main_Functions.o
                0x000016f2                CONTROL_changePasswordEEPROM
 .text.CONTROL_motorRotate
                0x0000170c      0x304 ./main_Functions.o
                0x0000170c                CONTROL_motorRotate
 .text.CONTROL_activeBuzzer
                0x00001a10       0x1c ./main_Functions.o
                0x00001a10                CONTROL_activeBuzzer
 .text.delaySeconds
                0x00001a2c       0x8a ./main_Functions.o
                0x00001a2c                delaySeconds
 .text.countSec
                0x00001ab6       0x18 ./main_Functions.o
                0x00001ab6                countSec
 .text.__vector_9
                0x00001ace       0x66 ./timer1.o
                0x00001ace                __vector_9
 .text.__vector_7
                0x00001b34       0x66 ./timer1.o
                0x00001b34                __vector_7
 .text.TIMER1_init
                0x00001b9a       0x90 ./timer1.o
                0x00001b9a                TIMER1_init
 .text.TIMER1_deInit
                0x00001c2a       0x4a ./timer1.o
                0x00001c2a                TIMER1_deInit
 .text.TIMER1_setCallBack
                0x00001c74       0x24 ./timer1.o
                0x00001c74                TIMER1_setCallBack
 .text.UART_init
                0x00001c98       0xfe ./uart.o
                0x00001c98                UART_init
 .text.UART_sendByte
                0x00001d96       0x2e ./uart.o
                0x00001d96                UART_sendByte
 .text.UART_recieveByte
                0x00001dc4       0x1e ./uart.o
                0x00001dc4                UART_recieveByte
 .text.UART_sendString
                0x00001de2       0x60 ./uart.o
                0x00001de2                UART_sendString
 .text.UART_receiveString
                0x00001e42       0x76 ./uart.o
                0x00001e42                UART_receiveString
 .text.libgcc   0x00001eb8        0x0 d:/courses/embedded systems _ data/programs/eclipse-avrgcc/bin/../lib/gcc/avr/4.3.3/avr5\libgcc.a(_exit.o)
 .text.libgcc   0x00001eb8        0x0 d:/courses/embedded systems _ data/programs/eclipse-avrgcc/bin/../lib/gcc/avr/4.3.3/avr5\libgcc.a(_copy_data.o)
 .text.libgcc   0x00001eb8        0x0 d:/courses/embedded systems _ data/programs/eclipse-avrgcc/bin/../lib/gcc/avr/4.3.3/avr5\libgcc.a(_clear_bss.o)
 .text.libgcc   0x00001eb8       0x38 d:/courses/embedded systems _ data/programs/eclipse-avrgcc/bin/../lib/gcc/avr/4.3.3/avr5\libgcc.a(_prologue.o)
                0x00001eb8                __prologue_saves__
 .text.libgcc   0x00001ef0       0x36 d:/courses/embedded systems _ data/programs/eclipse-avrgcc/bin/../lib/gcc/avr/4.3.3/avr5\libgcc.a(_epilogue.o)
                0x00001ef0                __epilogue_restores__
                0x00001f26                . = ALIGN (0x2)
 *(.fini9)
 .fini9         0x00001f26        0x0 d:/courses/embedded systems _ data/programs/eclipse-avrgcc/bin/../lib/gcc/avr/4.3.3/avr5\libgcc.a(_exit.o)
                0x00001f26                exit
                0x00001f26                _exit
 *(.fini9)
 *(.fini8)
 *(.fini8)
 *(.fini7)
 *(.fini7)
 *(.fini6)
 *(.fini6)
 *(.fini5)
 *(.fini5)
 *(.fini4)
 *(.fini4)
 *(.fini3)
 *(.fini3)
 *(.fini2)
 *(.fini2)
 *(.fini1)
 *(.fini1)
 *(.fini0)
 .fini0         0x00001f26        0x4 d:/courses/embedded systems _ data/programs/eclipse-avrgcc/bin/../lib/gcc/avr/4.3.3/avr5\libgcc.a(_exit.o)
 *(.fini0)
                0x00001f2a                _etext = .

.data           0x00800060       0x14 load address 0x00001f2a
                0x00800060                PROVIDE (__data_start, .)
 *(.data)
 .data          0x00800060        0x0 d:/courses/embedded systems _ data/programs/eclipse-avrgcc/bin/../lib/gcc/avr/4.3.3/../../../../avr/lib/avr5/crtm32.o
 .data          0x00800060        0x0 ./DC_motor.o
 .data          0x00800060        0x0 ./E24c16.o
 .data          0x00800060        0x0 ./buzzer.o
 .data          0x00800060        0x0 ./gpio.o
 .data          0x00800060        0x0 ./i2c.o
 .data          0x00800060        0x0 ./main.o
 .data          0x00800060        0x0 ./main_Functions.o
 .data          0x00800060        0x0 ./timer1.o
 .data          0x00800060        0x0 ./uart.o
 .data          0x00800060        0x0 d:/courses/embedded systems _ data/programs/eclipse-avrgcc/bin/../lib/gcc/avr/4.3.3/avr5\libgcc.a(_exit.o)
 .data          0x00800060        0x0 d:/courses/embedded systems _ data/programs/eclipse-avrgcc/bin/../lib/gcc/avr/4.3.3/avr5\libgcc.a(_copy_data.o)
 .data          0x00800060        0x0 d:/courses/embedded systems _ data/programs/eclipse-avrgcc/bin/../lib/gcc/avr/4.3.3/avr5\libgcc.a(_clear_bss.o)
 .data          0x00800060        0x0 d:/courses/embedded systems _ data/programs/eclipse-avrgcc/bin/../lib/gcc/avr/4.3.3/avr5\libgcc.a(_fixunssfsi.o)
 .data          0x00800060        0x0 d:/courses/embedded systems _ data/programs/eclipse-avrgcc/bin/../lib/gcc/avr/4.3.3/avr5\libgcc.a(_addsub_sf.o)
 .data          0x00800060        0x0 d:/courses/embedded systems _ data/programs/eclipse-avrgcc/bin/../lib/gcc/avr/4.3.3/avr5\libgcc.a(_mul_sf.o)
 .data          0x00800060        0x0 d:/courses/embedded systems _ data/programs/eclipse-avrgcc/bin/../lib/gcc/avr/4.3.3/avr5\libgcc.a(_gt_sf.o)
 .data          0x00800060        0x0 d:/courses/embedded systems _ data/programs/eclipse-avrgcc/bin/../lib/gcc/avr/4.3.3/avr5\libgcc.a(_ge_sf.o)
 .data          0x00800060        0x0 d:/courses/embedded systems _ data/programs/eclipse-avrgcc/bin/../lib/gcc/avr/4.3.3/avr5\libgcc.a(_lt_sf.o)
 .data          0x00800060        0x0 d:/courses/embedded systems _ data/programs/eclipse-avrgcc/bin/../lib/gcc/avr/4.3.3/avr5\libgcc.a(_sf_to_si.o)
 .data          0x00800060        0x8 d:/courses/embedded systems _ data/programs/eclipse-avrgcc/bin/../lib/gcc/avr/4.3.3/avr5\libgcc.a(_thenan_sf.o)
                0x00800060                __thenan_sf
 .data          0x00800068        0x0 d:/courses/embedded systems _ data/programs/eclipse-avrgcc/bin/../lib/gcc/avr/4.3.3/avr5\libgcc.a(_prologue.o)
 .data          0x00800068        0x0 d:/courses/embedded systems _ data/programs/eclipse-avrgcc/bin/../lib/gcc/avr/4.3.3/avr5\libgcc.a(_epilogue.o)
 .data          0x00800068        0x0 d:/courses/embedded systems _ data/programs/eclipse-avrgcc/bin/../lib/gcc/avr/4.3.3/avr5\libgcc.a(_pack_sf.o)
 .data          0x00800068        0x0 d:/courses/embedded systems _ data/programs/eclipse-avrgcc/bin/../lib/gcc/avr/4.3.3/avr5\libgcc.a(_unpack_sf.o)
 .data          0x00800068        0x0 d:/courses/embedded systems _ data/programs/eclipse-avrgcc/bin/../lib/gcc/avr/4.3.3/avr5\libgcc.a(_fpcmp_parts_sf.o)
 *(.data*)
 .data.g_pass   0x00800068        0x5 ./main_Functions.o
                0x00800068                g_pass
 .data.g_operation
                0x0080006d        0x1 ./main_Functions.o
                0x0080006d                g_operation
 *(.rodata)
 *(.rodata*)
 .rodata.C.8.1550
                0x0080006e        0x6 ./main_Functions.o
 *(.gnu.linkonce.d*)
                0x00800074                . = ALIGN (0x2)
                0x00800074                _edata = .
                0x00800074                PROVIDE (__data_end, .)

.bss            0x00800074        0x5
                0x00800074                PROVIDE (__bss_start, .)
 *(.bss)
 .bss           0x00800074        0x0 d:/courses/embedded systems _ data/programs/eclipse-avrgcc/bin/../lib/gcc/avr/4.3.3/../../../../avr/lib/avr5/crtm32.o
 .bss           0x00800074        0x0 ./DC_motor.o
 .bss           0x00800074        0x0 ./E24c16.o
 .bss           0x00800074        0x0 ./buzzer.o
 .bss           0x00800074        0x0 ./gpio.o
 .bss           0x00800074        0x0 ./i2c.o
 .bss           0x00800074        0x0 ./main.o
 .bss           0x00800074        0x0 ./main_Functions.o
 .bss           0x00800074        0x0 ./timer1.o
 .bss           0x00800074        0x0 ./uart.o
 .bss           0x00800074        0x0 d:/courses/embedded systems _ data/programs/eclipse-avrgcc/bin/../lib/gcc/avr/4.3.3/avr5\libgcc.a(_exit.o)
 .bss           0x00800074        0x0 d:/courses/embedded systems _ data/programs/eclipse-avrgcc/bin/../lib/gcc/avr/4.3.3/avr5\libgcc.a(_copy_data.o)
 .bss           0x00800074        0x0 d:/courses/embedded systems _ data/programs/eclipse-avrgcc/bin/../lib/gcc/avr/4.3.3/avr5\libgcc.a(_clear_bss.o)
 .bss           0x00800074        0x0 d:/courses/embedded systems _ data/programs/eclipse-avrgcc/bin/../lib/gcc/avr/4.3.3/avr5\libgcc.a(_fixunssfsi.o)
 .bss           0x00800074        0x0 d:/courses/embedded systems _ data/programs/eclipse-avrgcc/bin/../lib/gcc/avr/4.3.3/avr5\libgcc.a(_addsub_sf.o)
 .bss           0x00800074        0x0 d:/courses/embedded systems _ data/programs/eclipse-avrgcc/bin/../lib/gcc/avr/4.3.3/avr5\libgcc.a(_mul_sf.o)
 .bss           0x00800074        0x0 d:/courses/embedded systems _ data/programs/eclipse-avrgcc/bin/../lib/gcc/avr/4.3.3/avr5\libgcc.a(_gt_sf.o)
 .bss           0x00800074        0x0 d:/courses/embedded systems _ data/programs/eclipse-avrgcc/bin/../lib/gcc/avr/4.3.3/avr5\libgcc.a(_ge_sf.o)
 .bss           0x00800074        0x0 d:/courses/embedded systems _ data/programs/eclipse-avrgcc/bin/../lib/gcc/avr/4.3.3/avr5\libgcc.a(_lt_sf.o)
 .bss           0x00800074        0x0 d:/courses/embedded systems _ data/programs/eclipse-avrgcc/bin/../lib/gcc/avr/4.3.3/avr5\libgcc.a(_sf_to_si.o)
 .bss           0x00800074        0x0 d:/courses/embedded systems _ data/programs/eclipse-avrgcc/bin/../lib/gcc/avr/4.3.3/avr5\libgcc.a(_thenan_sf.o)
 .bss           0x00800074        0x0 d:/courses/embedded systems _ data/programs/eclipse-avrgcc/bin/../lib/gcc/avr/4.3.3/avr5\libgcc.a(_prologue.o)
 .bss           0x00800074        0x0 d:/courses/embedded systems _ data/programs/eclipse-avrgcc/bin/../lib/gcc/avr/4.3.3/avr5\libgcc.a(_epilogue.o)
 .bss           0x00800074        0x0 d:/courses/embedded systems _ data/programs/eclipse-avrgcc/bin/../lib/gcc/avr/4.3.3/avr5\libgcc.a(_pack_sf.o)
 .bss           0x00800074        0x0 d:/courses/embedded systems _ data/programs/eclipse-avrgcc/bin/../lib/gcc/avr/4.3.3/avr5\libgcc.a(_unpack_sf.o)
 .bss           0x00800074        0x0 d:/courses/embedded systems _ data/programs/eclipse-avrgcc/bin/../lib/gcc/avr/4.3.3/avr5\libgcc.a(_fpcmp_parts_sf.o)
 *(.bss*)
 .bss.g_sec     0x00800074        0x1 ./main_Functions.o
                0x00800074                g_sec
 .bss.g_functionPtr
                0x00800075        0x2 ./main_Functions.o
 .bss.g_callBackPtr
                0x00800077        0x2 ./timer1.o
 *(COMMON)
                0x00800079                PROVIDE (__bss_end, .)
                0x00001f2a                __data_load_start = LOADADDR (.data)
                0x00001f3e                __data_load_end = (__data_load_start + SIZEOF (.data))

.noinit         0x00800079        0x0
                0x00800079                PROVIDE (__noinit_start, .)
 *(.noinit*)
                0x00800079                PROVIDE (__noinit_end, .)
                0x00800079                _end = .
                0x00800079                PROVIDE (__heap_start, .)

.eeprom         0x00810000        0x0
 *(.eeprom*)
                0x00810000                __eeprom_end = .

.fuse
 *(.fuse)
 *(.lfuse)
 *(.hfuse)
 *(.efuse)

.lock
 *(.lock*)

.signature
 *(.signature*)

.stab           0x00000000     0x22ec
 *(.stab)
 .stab          0x00000000      0x4e0 ./DC_motor.o
 .stab          0x000004e0      0x330 ./E24c16.o
                                0x3cc (size before relaxing)
 .stab          0x00000810      0x1c8 ./buzzer.o
                                0x450 (size before relaxing)
 .stab          0x000009d8      0x510 ./gpio.o
                                0x798 (size before relaxing)
 .stab          0x00000ee8      0x30c ./i2c.o
                                0x570 (size before relaxing)
 .stab          0x000011f4      0x300 ./main.o
                                0x5c4 (size before relaxing)
 .stab          0x000014f4      0x7f8 ./main_Functions.o
                                0xb88 (size before relaxing)
 .stab          0x00001cec      0x2ac ./timer1.o
                                0x540 (size before relaxing)
 .stab          0x00001f98      0x354 ./uart.o
                                0x618 (size before relaxing)

.stabstr        0x00000000     0x1434
 *(.stabstr)
 .stabstr       0x00000000     0x1434 ./DC_motor.o

.stab.excl
 *(.stab.excl)

.stab.exclstr
 *(.stab.exclstr)

.stab.index
 *(.stab.index)

.stab.indexstr
 *(.stab.indexstr)

.comment
 *(.comment)

.debug
 *(.debug)

.line
 *(.line)

.debug_srcinfo
 *(.debug_srcinfo)

.debug_sfnames
 *(.debug_sfnames)

.debug_aranges  0x00000000      0x140
 *(.debug_aranges)
 .debug_aranges
                0x00000000       0x20 d:/courses/embedded systems _ data/programs/eclipse-avrgcc/bin/../lib/gcc/avr/4.3.3/avr5\libgcc.a(_fixunssfsi.o)
 .debug_aranges
                0x00000020       0x20 d:/courses/embedded systems _ data/programs/eclipse-avrgcc/bin/../lib/gcc/avr/4.3.3/avr5\libgcc.a(_addsub_sf.o)
 .debug_aranges
                0x00000040       0x20 d:/courses/embedded systems _ data/programs/eclipse-avrgcc/bin/../lib/gcc/avr/4.3.3/avr5\libgcc.a(_mul_sf.o)
 .debug_aranges
                0x00000060       0x20 d:/courses/embedded systems _ data/programs/eclipse-avrgcc/bin/../lib/gcc/avr/4.3.3/avr5\libgcc.a(_gt_sf.o)
 .debug_aranges
                0x00000080       0x20 d:/courses/embedded systems _ data/programs/eclipse-avrgcc/bin/../lib/gcc/avr/4.3.3/avr5\libgcc.a(_ge_sf.o)
 .debug_aranges
                0x000000a0       0x20 d:/courses/embedded systems _ data/programs/eclipse-avrgcc/bin/../lib/gcc/avr/4.3.3/avr5\libgcc.a(_lt_sf.o)
 .debug_aranges
                0x000000c0       0x20 d:/courses/embedded systems _ data/programs/eclipse-avrgcc/bin/../lib/gcc/avr/4.3.3/avr5\libgcc.a(_sf_to_si.o)
 .debug_aranges
                0x000000e0       0x20 d:/courses/embedded systems _ data/programs/eclipse-avrgcc/bin/../lib/gcc/avr/4.3.3/avr5\libgcc.a(_pack_sf.o)
 .debug_aranges
                0x00000100       0x20 d:/courses/embedded systems _ data/programs/eclipse-avrgcc/bin/../lib/gcc/avr/4.3.3/avr5\libgcc.a(_unpack_sf.o)
 .debug_aranges
                0x00000120       0x20 d:/courses/embedded systems _ data/programs/eclipse-avrgcc/bin/../lib/gcc/avr/4.3.3/avr5\libgcc.a(_fpcmp_parts_sf.o)

.debug_pubnames
                0x00000000      0x170
 *(.debug_pubnames)
 .debug_pubnames
                0x00000000       0x23 d:/courses/embedded systems _ data/programs/eclipse-avrgcc/bin/../lib/gcc/avr/4.3.3/avr5\libgcc.a(_fixunssfsi.o)
 .debug_pubnames
                0x00000023       0x2c d:/courses/embedded systems _ data/programs/eclipse-avrgcc/bin/../lib/gcc/avr/4.3.3/avr5\libgcc.a(_addsub_sf.o)
 .debug_pubnames
                0x0000004f       0x1f d:/courses/embedded systems _ data/programs/eclipse-avrgcc/bin/../lib/gcc/avr/4.3.3/avr5\libgcc.a(_mul_sf.o)
 .debug_pubnames
                0x0000006e       0x1e d:/courses/embedded systems _ data/programs/eclipse-avrgcc/bin/../lib/gcc/avr/4.3.3/avr5\libgcc.a(_gt_sf.o)
 .debug_pubnames
                0x0000008c       0x1e d:/courses/embedded systems _ data/programs/eclipse-avrgcc/bin/../lib/gcc/avr/4.3.3/avr5\libgcc.a(_ge_sf.o)
 .debug_pubnames
                0x000000aa       0x1e d:/courses/embedded systems _ data/programs/eclipse-avrgcc/bin/../lib/gcc/avr/4.3.3/avr5\libgcc.a(_lt_sf.o)
 .debug_pubnames
                0x000000c8       0x20 d:/courses/embedded systems _ data/programs/eclipse-avrgcc/bin/../lib/gcc/avr/4.3.3/avr5\libgcc.a(_sf_to_si.o)
 .debug_pubnames
                0x000000e8       0x22 d:/courses/embedded systems _ data/programs/eclipse-avrgcc/bin/../lib/gcc/avr/4.3.3/avr5\libgcc.a(_thenan_sf.o)
 .debug_pubnames
                0x0000010a       0x1f d:/courses/embedded systems _ data/programs/eclipse-avrgcc/bin/../lib/gcc/avr/4.3.3/avr5\libgcc.a(_pack_sf.o)
 .debug_pubnames
                0x00000129       0x21 d:/courses/embedded systems _ data/programs/eclipse-avrgcc/bin/../lib/gcc/avr/4.3.3/avr5\libgcc.a(_unpack_sf.o)
 .debug_pubnames
                0x0000014a       0x26 d:/courses/embedded systems _ data/programs/eclipse-avrgcc/bin/../lib/gcc/avr/4.3.3/avr5\libgcc.a(_fpcmp_parts_sf.o)

.debug_info     0x00000000     0x1c49
 *(.debug_info)
 .debug_info    0x00000000       0xb1 d:/courses/embedded systems _ data/programs/eclipse-avrgcc/bin/../lib/gcc/avr/4.3.3/avr5\libgcc.a(_fixunssfsi.o)
 .debug_info    0x000000b1      0x47a d:/courses/embedded systems _ data/programs/eclipse-avrgcc/bin/../lib/gcc/avr/4.3.3/avr5\libgcc.a(_addsub_sf.o)
 .debug_info    0x0000052b      0x485 d:/courses/embedded systems _ data/programs/eclipse-avrgcc/bin/../lib/gcc/avr/4.3.3/avr5\libgcc.a(_mul_sf.o)
 .debug_info    0x000009b0      0x27f d:/courses/embedded systems _ data/programs/eclipse-avrgcc/bin/../lib/gcc/avr/4.3.3/avr5\libgcc.a(_gt_sf.o)
 .debug_info    0x00000c2f      0x27f d:/courses/embedded systems _ data/programs/eclipse-avrgcc/bin/../lib/gcc/avr/4.3.3/avr5\libgcc.a(_ge_sf.o)
 .debug_info    0x00000eae      0x27f d:/courses/embedded systems _ data/programs/eclipse-avrgcc/bin/../lib/gcc/avr/4.3.3/avr5\libgcc.a(_lt_sf.o)
 .debug_info    0x0000112d      0x2b0 d:/courses/embedded systems _ data/programs/eclipse-avrgcc/bin/../lib/gcc/avr/4.3.3/avr5\libgcc.a(_sf_to_si.o)
 .debug_info    0x000013dd      0x12c d:/courses/embedded systems _ data/programs/eclipse-avrgcc/bin/../lib/gcc/avr/4.3.3/avr5\libgcc.a(_thenan_sf.o)
 .debug_info    0x00001509      0x2df d:/courses/embedded systems _ data/programs/eclipse-avrgcc/bin/../lib/gcc/avr/4.3.3/avr5\libgcc.a(_pack_sf.o)
 .debug_info    0x000017e8      0x251 d:/courses/embedded systems _ data/programs/eclipse-avrgcc/bin/../lib/gcc/avr/4.3.3/avr5\libgcc.a(_unpack_sf.o)
 .debug_info    0x00001a39      0x210 d:/courses/embedded systems _ data/programs/eclipse-avrgcc/bin/../lib/gcc/avr/4.3.3/avr5\libgcc.a(_fpcmp_parts_sf.o)
 *(.gnu.linkonce.wi.*)

.debug_abbrev   0x00000000      0xeeb
 *(.debug_abbrev)
 .debug_abbrev  0x00000000       0x5d d:/courses/embedded systems _ data/programs/eclipse-avrgcc/bin/../lib/gcc/avr/4.3.3/avr5\libgcc.a(_fixunssfsi.o)
 .debug_abbrev  0x0000005d      0x1ea d:/courses/embedded systems _ data/programs/eclipse-avrgcc/bin/../lib/gcc/avr/4.3.3/avr5\libgcc.a(_addsub_sf.o)
 .debug_abbrev  0x00000247      0x21b d:/courses/embedded systems _ data/programs/eclipse-avrgcc/bin/../lib/gcc/avr/4.3.3/avr5\libgcc.a(_mul_sf.o)
 .debug_abbrev  0x00000462      0x15a d:/courses/embedded systems _ data/programs/eclipse-avrgcc/bin/../lib/gcc/avr/4.3.3/avr5\libgcc.a(_gt_sf.o)
 .debug_abbrev  0x000005bc      0x15a d:/courses/embedded systems _ data/programs/eclipse-avrgcc/bin/../lib/gcc/avr/4.3.3/avr5\libgcc.a(_ge_sf.o)
 .debug_abbrev  0x00000716      0x15a d:/courses/embedded systems _ data/programs/eclipse-avrgcc/bin/../lib/gcc/avr/4.3.3/avr5\libgcc.a(_lt_sf.o)
 .debug_abbrev  0x00000870      0x17f d:/courses/embedded systems _ data/programs/eclipse-avrgcc/bin/../lib/gcc/avr/4.3.3/avr5\libgcc.a(_sf_to_si.o)
 .debug_abbrev  0x000009ef       0xad d:/courses/embedded systems _ data/programs/eclipse-avrgcc/bin/../lib/gcc/avr/4.3.3/avr5\libgcc.a(_thenan_sf.o)
 .debug_abbrev  0x00000a9c      0x1c0 d:/courses/embedded systems _ data/programs/eclipse-avrgcc/bin/../lib/gcc/avr/4.3.3/avr5\libgcc.a(_pack_sf.o)
 .debug_abbrev  0x00000c5c      0x154 d:/courses/embedded systems _ data/programs/eclipse-avrgcc/bin/../lib/gcc/avr/4.3.3/avr5\libgcc.a(_unpack_sf.o)
 .debug_abbrev  0x00000db0      0x13b d:/courses/embedded systems _ data/programs/eclipse-avrgcc/bin/../lib/gcc/avr/4.3.3/avr5\libgcc.a(_fpcmp_parts_sf.o)

.debug_line     0x00000000      0xdad
 *(.debug_line)
 .debug_line    0x00000000       0xa7 d:/courses/embedded systems _ data/programs/eclipse-avrgcc/bin/../lib/gcc/avr/4.3.3/avr5\libgcc.a(_fixunssfsi.o)
 .debug_line    0x000000a7      0x2af d:/courses/embedded systems _ data/programs/eclipse-avrgcc/bin/../lib/gcc/avr/4.3.3/avr5\libgcc.a(_addsub_sf.o)
 .debug_line    0x00000356      0x239 d:/courses/embedded systems _ data/programs/eclipse-avrgcc/bin/../lib/gcc/avr/4.3.3/avr5\libgcc.a(_mul_sf.o)
 .debug_line    0x0000058f       0xd3 d:/courses/embedded systems _ data/programs/eclipse-avrgcc/bin/../lib/gcc/avr/4.3.3/avr5\libgcc.a(_gt_sf.o)
 .debug_line    0x00000662       0xd3 d:/courses/embedded systems _ data/programs/eclipse-avrgcc/bin/../lib/gcc/avr/4.3.3/avr5\libgcc.a(_ge_sf.o)
 .debug_line    0x00000735       0xd3 d:/courses/embedded systems _ data/programs/eclipse-avrgcc/bin/../lib/gcc/avr/4.3.3/avr5\libgcc.a(_lt_sf.o)
 .debug_line    0x00000808      0x109 d:/courses/embedded systems _ data/programs/eclipse-avrgcc/bin/../lib/gcc/avr/4.3.3/avr5\libgcc.a(_sf_to_si.o)
 .debug_line    0x00000911       0x90 d:/courses/embedded systems _ data/programs/eclipse-avrgcc/bin/../lib/gcc/avr/4.3.3/avr5\libgcc.a(_thenan_sf.o)
 .debug_line    0x000009a1      0x18a d:/courses/embedded systems _ data/programs/eclipse-avrgcc/bin/../lib/gcc/avr/4.3.3/avr5\libgcc.a(_pack_sf.o)
 .debug_line    0x00000b2b      0x14b d:/courses/embedded systems _ data/programs/eclipse-avrgcc/bin/../lib/gcc/avr/4.3.3/avr5\libgcc.a(_unpack_sf.o)
 .debug_line    0x00000c76      0x137 d:/courses/embedded systems _ data/programs/eclipse-avrgcc/bin/../lib/gcc/avr/4.3.3/avr5\libgcc.a(_fpcmp_parts_sf.o)

.debug_frame    0x00000000      0x160
 *(.debug_frame)
 .debug_frame   0x00000000       0x20 d:/courses/embedded systems _ data/programs/eclipse-avrgcc/bin/../lib/gcc/avr/4.3.3/avr5\libgcc.a(_fixunssfsi.o)
 .debug_frame   0x00000020       0x40 d:/courses/embedded systems _ data/programs/eclipse-avrgcc/bin/../lib/gcc/avr/4.3.3/avr5\libgcc.a(_addsub_sf.o)
 .debug_frame   0x00000060       0x20 d:/courses/embedded systems _ data/programs/eclipse-avrgcc/bin/../lib/gcc/avr/4.3.3/avr5\libgcc.a(_mul_sf.o)
 .debug_frame   0x00000080       0x20 d:/courses/embedded systems _ data/programs/eclipse-avrgcc/bin/../lib/gcc/avr/4.3.3/avr5\libgcc.a(_gt_sf.o)
 .debug_frame   0x000000a0       0x20 d:/courses/embedded systems _ data/programs/eclipse-avrgcc/bin/../lib/gcc/avr/4.3.3/avr5\libgcc.a(_ge_sf.o)
 .debug_frame   0x000000c0       0x20 d:/courses/embedded systems _ data/programs/eclipse-avrgcc/bin/../lib/gcc/avr/4.3.3/avr5\libgcc.a(_lt_sf.o)
 .debug_frame   0x000000e0       0x20 d:/courses/embedded systems _ data/programs/eclipse-avrgcc/bin/../lib/gcc/avr/4.3.3/avr5\libgcc.a(_sf_to_si.o)
 .debug_frame   0x00000100       0x20 d:/courses/embedded systems _ data/programs/eclipse-avrgcc/bin/../lib/gcc/avr/4.3.3/avr5\libgcc.a(_pack_sf.o)
 .debug_frame   0x00000120       0x20 d:/courses/embedded systems _ data/programs/eclipse-avrgcc/bin/../lib/gcc/avr/4.3.3/avr5\libgcc.a(_unpack_sf.o)
 .debug_frame   0x00000140       0x20 d:/courses/embedded systems _ data/programs/eclipse-avrgcc/bin/../lib/gcc/avr/4.3.3/avr5\libgcc.a(_fpcmp_parts_sf.o)

.debug_str      0x00000000      0x28d
 *(.debug_str)
 .debug_str     0x00000000       0xbf d:/courses/embedded systems _ data/programs/eclipse-avrgcc/bin/../lib/gcc/avr/4.3.3/avr5\libgcc.a(_fixunssfsi.o)
                                 0xfe (size before relaxing)
 .debug_str     0x000000bf      0x14d d:/courses/embedded systems _ data/programs/eclipse-avrgcc/bin/../lib/gcc/avr/4.3.3/avr5\libgcc.a(_addsub_sf.o)
                                0x206 (size before relaxing)
 .debug_str     0x0000020c       0x27 d:/courses/embedded systems _ data/programs/eclipse-avrgcc/bin/../lib/gcc/avr/4.3.3/avr5\libgcc.a(_mul_sf.o)
                                0x1bf (size before relaxing)
 .debug_str     0x00000233        0xf d:/courses/embedded systems _ data/programs/eclipse-avrgcc/bin/../lib/gcc/avr/4.3.3/avr5\libgcc.a(_gt_sf.o)
                                0x195 (size before relaxing)
 .debug_str     0x00000242        0x8 d:/courses/embedded systems _ data/programs/eclipse-avrgcc/bin/../lib/gcc/avr/4.3.3/avr5\libgcc.a(_ge_sf.o)
                                0x195 (size before relaxing)
 .debug_str     0x0000024a        0x8 d:/courses/embedded systems _ data/programs/eclipse-avrgcc/bin/../lib/gcc/avr/4.3.3/avr5\libgcc.a(_lt_sf.o)
                                0x195 (size before relaxing)
 .debug_str     0x00000252        0xa d:/courses/embedded systems _ data/programs/eclipse-avrgcc/bin/../lib/gcc/avr/4.3.3/avr5\libgcc.a(_sf_to_si.o)
                                0x19e (size before relaxing)
 .debug_str     0x00000000      0x103 d:/courses/embedded systems _ data/programs/eclipse-avrgcc/bin/../lib/gcc/avr/4.3.3/avr5\libgcc.a(_thenan_sf.o)
 .debug_str     0x0000025c       0x16 d:/courses/embedded systems _ data/programs/eclipse-avrgcc/bin/../lib/gcc/avr/4.3.3/avr5\libgcc.a(_pack_sf.o)
                                0x19d (size before relaxing)
 .debug_str     0x00000272        0xb d:/courses/embedded systems _ data/programs/eclipse-avrgcc/bin/../lib/gcc/avr/4.3.3/avr5\libgcc.a(_unpack_sf.o)
                                0x17f (size before relaxing)
 .debug_str     0x0000027d       0x10 d:/courses/embedded systems _ data/programs/eclipse-avrgcc/bin/../lib/gcc/avr/4.3.3/avr5\libgcc.a(_fpcmp_parts_sf.o)
                                0x163 (size before relaxing)

.debug_loc      0x00000000      0x7ce
 *(.debug_loc)
 .debug_loc     0x00000000       0x34 d:/courses/embedded systems _ data/programs/eclipse-avrgcc/bin/../lib/gcc/avr/4.3.3/avr5\libgcc.a(_fixunssfsi.o)
 .debug_loc     0x00000034      0x32a d:/courses/embedded systems _ data/programs/eclipse-avrgcc/bin/../lib/gcc/avr/4.3.3/avr5\libgcc.a(_addsub_sf.o)
 .debug_loc     0x0000035e      0x104 d:/courses/embedded systems _ data/programs/eclipse-avrgcc/bin/../lib/gcc/avr/4.3.3/avr5\libgcc.a(_mul_sf.o)
 .debug_loc     0x00000462       0x3c d:/courses/embedded systems _ data/programs/eclipse-avrgcc/bin/../lib/gcc/avr/4.3.3/avr5\libgcc.a(_gt_sf.o)
 .debug_loc     0x0000049e       0x3c d:/courses/embedded systems _ data/programs/eclipse-avrgcc/bin/../lib/gcc/avr/4.3.3/avr5\libgcc.a(_ge_sf.o)
 .debug_loc     0x000004da       0x3c d:/courses/embedded systems _ data/programs/eclipse-avrgcc/bin/../lib/gcc/avr/4.3.3/avr5\libgcc.a(_lt_sf.o)
 .debug_loc     0x00000516       0x7e d:/courses/embedded systems _ data/programs/eclipse-avrgcc/bin/../lib/gcc/avr/4.3.3/avr5\libgcc.a(_sf_to_si.o)
 .debug_loc     0x00000594      0x13e d:/courses/embedded systems _ data/programs/eclipse-avrgcc/bin/../lib/gcc/avr/4.3.3/avr5\libgcc.a(_pack_sf.o)
 .debug_loc     0x000006d2       0xac d:/courses/embedded systems _ data/programs/eclipse-avrgcc/bin/../lib/gcc/avr/4.3.3/avr5\libgcc.a(_unpack_sf.o)
 .debug_loc     0x0000077e       0x50 d:/courses/embedded systems _ data/programs/eclipse-avrgcc/bin/../lib/gcc/avr/4.3.3/avr5\libgcc.a(_fpcmp_parts_sf.o)

.debug_macinfo
 *(.debug_macinfo)
OUTPUT(Control_ECU.elf elf32-avr)
LOAD linker stubs

.debug_ranges   0x00000000       0x50
 .debug_ranges  0x00000000       0x50 d:/courses/embedded systems _ data/programs/eclipse-avrgcc/bin/../lib/gcc/avr/4.3.3/avr5\libgcc.a(_mul_sf.o)
